Archive member included to satisfy reference by file (symbol)

C:/CubeIDE/STM32CubeIDE_1.16.1/STM32CubeIDE/plugins/com.st.stm32cube.ide.mcu.externaltools.gnu-tools-for-stm32.12.3.rel1.win32_1.0.200.202406191623/tools/bin/../lib/gcc/arm-none-eabi/12.3.1/../../../../arm-none-eabi/lib/thumb/v7e-m+fp/hard\libc_nano.a(libc_a-exit.o)
                              C:/CubeIDE/STM32CubeIDE_1.16.1/STM32CubeIDE/plugins/com.st.stm32cube.ide.mcu.externaltools.gnu-tools-for-stm32.12.3.rel1.win32_1.0.200.202406191623/tools/bin/../lib/gcc/arm-none-eabi/12.3.1/../../../../arm-none-eabi/lib/thumb/v7e-m+fp/hard/crt0.o (exit)
C:/CubeIDE/STM32CubeIDE_1.16.1/STM32CubeIDE/plugins/com.st.stm32cube.ide.mcu.externaltools.gnu-tools-for-stm32.12.3.rel1.win32_1.0.200.202406191623/tools/bin/../lib/gcc/arm-none-eabi/12.3.1/../../../../arm-none-eabi/lib/thumb/v7e-m+fp/hard\libc_nano.a(libc_a-findfp.o)
                              C:/CubeIDE/STM32CubeIDE_1.16.1/STM32CubeIDE/plugins/com.st.stm32cube.ide.mcu.externaltools.gnu-tools-for-stm32.12.3.rel1.win32_1.0.200.202406191623/tools/bin/../lib/gcc/arm-none-eabi/12.3.1/../../../../arm-none-eabi/lib/thumb/v7e-m+fp/hard\libc_nano.a(libc_a-exit.o) (__stdio_exit_handler)
C:/CubeIDE/STM32CubeIDE_1.16.1/STM32CubeIDE/plugins/com.st.stm32cube.ide.mcu.externaltools.gnu-tools-for-stm32.12.3.rel1.win32_1.0.200.202406191623/tools/bin/../lib/gcc/arm-none-eabi/12.3.1/../../../../arm-none-eabi/lib/thumb/v7e-m+fp/hard\libc_nano.a(libc_a-fwalk.o)
                              C:/CubeIDE/STM32CubeIDE_1.16.1/STM32CubeIDE/plugins/com.st.stm32cube.ide.mcu.externaltools.gnu-tools-for-stm32.12.3.rel1.win32_1.0.200.202406191623/tools/bin/../lib/gcc/arm-none-eabi/12.3.1/../../../../arm-none-eabi/lib/thumb/v7e-m+fp/hard\libc_nano.a(libc_a-findfp.o) (_fwalk_sglue)
C:/CubeIDE/STM32CubeIDE_1.16.1/STM32CubeIDE/plugins/com.st.stm32cube.ide.mcu.externaltools.gnu-tools-for-stm32.12.3.rel1.win32_1.0.200.202406191623/tools/bin/../lib/gcc/arm-none-eabi/12.3.1/../../../../arm-none-eabi/lib/thumb/v7e-m+fp/hard\libc_nano.a(libc_a-printf.o)
                              ./App/Src/System.o (printf)
C:/CubeIDE/STM32CubeIDE_1.16.1/STM32CubeIDE/plugins/com.st.stm32cube.ide.mcu.externaltools.gnu-tools-for-stm32.12.3.rel1.win32_1.0.200.202406191623/tools/bin/../lib/gcc/arm-none-eabi/12.3.1/../../../../arm-none-eabi/lib/thumb/v7e-m+fp/hard\libc_nano.a(libc_a-stdio.o)
                              C:/CubeIDE/STM32CubeIDE_1.16.1/STM32CubeIDE/plugins/com.st.stm32cube.ide.mcu.externaltools.gnu-tools-for-stm32.12.3.rel1.win32_1.0.200.202406191623/tools/bin/../lib/gcc/arm-none-eabi/12.3.1/../../../../arm-none-eabi/lib/thumb/v7e-m+fp/hard\libc_nano.a(libc_a-findfp.o) (__sread)
C:/CubeIDE/STM32CubeIDE_1.16.1/STM32CubeIDE/plugins/com.st.stm32cube.ide.mcu.externaltools.gnu-tools-for-stm32.12.3.rel1.win32_1.0.200.202406191623/tools/bin/../lib/gcc/arm-none-eabi/12.3.1/../../../../arm-none-eabi/lib/thumb/v7e-m+fp/hard\libc_nano.a(libc_a-memset.o)
                              C:/CubeIDE/STM32CubeIDE_1.16.1/STM32CubeIDE/plugins/com.st.stm32cube.ide.mcu.externaltools.gnu-tools-for-stm32.12.3.rel1.win32_1.0.200.202406191623/tools/bin/../lib/gcc/arm-none-eabi/12.3.1/../../../../arm-none-eabi/lib/thumb/v7e-m+fp/hard/crt0.o (memset)
C:/CubeIDE/STM32CubeIDE_1.16.1/STM32CubeIDE/plugins/com.st.stm32cube.ide.mcu.externaltools.gnu-tools-for-stm32.12.3.rel1.win32_1.0.200.202406191623/tools/bin/../lib/gcc/arm-none-eabi/12.3.1/../../../../arm-none-eabi/lib/thumb/v7e-m+fp/hard\libc_nano.a(libc_a-closer.o)
                              C:/CubeIDE/STM32CubeIDE_1.16.1/STM32CubeIDE/plugins/com.st.stm32cube.ide.mcu.externaltools.gnu-tools-for-stm32.12.3.rel1.win32_1.0.200.202406191623/tools/bin/../lib/gcc/arm-none-eabi/12.3.1/../../../../arm-none-eabi/lib/thumb/v7e-m+fp/hard\libc_nano.a(libc_a-stdio.o) (_close_r)
C:/CubeIDE/STM32CubeIDE_1.16.1/STM32CubeIDE/plugins/com.st.stm32cube.ide.mcu.externaltools.gnu-tools-for-stm32.12.3.rel1.win32_1.0.200.202406191623/tools/bin/../lib/gcc/arm-none-eabi/12.3.1/../../../../arm-none-eabi/lib/thumb/v7e-m+fp/hard\libc_nano.a(libc_a-reent.o)
                              C:/CubeIDE/STM32CubeIDE_1.16.1/STM32CubeIDE/plugins/com.st.stm32cube.ide.mcu.externaltools.gnu-tools-for-stm32.12.3.rel1.win32_1.0.200.202406191623/tools/bin/../lib/gcc/arm-none-eabi/12.3.1/../../../../arm-none-eabi/lib/thumb/v7e-m+fp/hard\libc_nano.a(libc_a-closer.o) (errno)
C:/CubeIDE/STM32CubeIDE_1.16.1/STM32CubeIDE/plugins/com.st.stm32cube.ide.mcu.externaltools.gnu-tools-for-stm32.12.3.rel1.win32_1.0.200.202406191623/tools/bin/../lib/gcc/arm-none-eabi/12.3.1/../../../../arm-none-eabi/lib/thumb/v7e-m+fp/hard\libc_nano.a(libc_a-impure.o)
                              C:/CubeIDE/STM32CubeIDE_1.16.1/STM32CubeIDE/plugins/com.st.stm32cube.ide.mcu.externaltools.gnu-tools-for-stm32.12.3.rel1.win32_1.0.200.202406191623/tools/bin/../lib/gcc/arm-none-eabi/12.3.1/../../../../arm-none-eabi/lib/thumb/v7e-m+fp/hard\libc_nano.a(libc_a-printf.o) (_impure_ptr)
[...]
Memory Configuration

Name             Origin             Length             Attributes
CCMRAM           0x10000000         0x00010000         xrw
RAM              0x20000000         0x00020000         xrw
FLASH            0x08000000         0x00080000         xr
*default*        0x00000000         0xffffffff

Linker script and memory map

LOAD C:/CubeIDE/STM32CubeIDE_1.16.1/STM32CubeIDE/plugins/com.st.stm32cube.ide.mcu.externaltools.gnu-tools-for-stm32.12.3.rel1.win32_1.0.200.202406191623/tools/bin/../lib/gcc/arm-none-eabi/12.3.1/thumb/v7e-m+fp/hard/crti.o
LOAD C:/CubeIDE/STM32CubeIDE_1.16.1/STM32CubeIDE/plugins/com.st.stm32cube.ide.mcu.externaltools.gnu-tools-for-stm32.12.3.rel1.win32_1.0.200.202406191623/tools/bin/../lib/gcc/arm-none-eabi/12.3.1/thumb/v7e-m+fp/hard/crtbegin.o
LOAD C:/CubeIDE/STM32CubeIDE_1.16.1/STM32CubeIDE/plugins/com.st.stm32cube.ide.mcu.externaltools.gnu-tools-for-stm32.12.3.rel1.win32_1.0.200.202406191623/tools/bin/../lib/gcc/arm-none-eabi/12.3.1/../../../../arm-none-eabi/lib/thumb/v7e-m+fp/hard/crt0.o
LOAD ./App/Src/System.o
LOAD ./Core/Src/adc.o
LOAD ./Core/Src/dma.o
LOAD ./Core/Src/gpio.o
LOAD ./Core/Src/main.o
LOAD ./Core/Src/stm32f4xx_hal_msp.o
LOAD ./Core/Src/stm32f4xx_it.o
LOAD ./Core/Src/syscalls.o
LOAD ./Core/Src/sysmem.o
LOAD ./Core/Src/system_stm32f4xx.o
LOAD ./Core/Src/tim.o
LOAD ./Core/Src/usart.o
LOAD ./Core/Startup/startup_stm32f407zetx.o
LOAD ./Drivers/STM32F4xx_HAL_Driver/Src/stm32f4xx_hal.o
LOAD ./Drivers/STM32F4xx_HAL_Driver/Src/stm32f4xx_hal_adc.o
LOAD ./Drivers/STM32F4xx_HAL_Driver/Src/stm32f4xx_hal_adc_ex.o
LOAD ./Drivers/STM32F4xx_HAL_Driver/Src/stm32f4xx_hal_cortex.o
LOAD ./Drivers/STM32F4xx_HAL_Driver/Src/stm32f4xx_hal_dma.o
LOAD ./Drivers/STM32F4xx_HAL_Driver/Src/stm32f4xx_hal_dma_ex.o
LOAD ./Drivers/STM32F4xx_HAL_Driver/Src/stm32f4xx_hal_exti.o
LOAD ./Drivers/STM32F4xx_HAL_Driver/Src/stm32f4xx_hal_flash.o
LOAD ./Drivers/STM32F4xx_HAL_Driver/Src/stm32f4xx_hal_flash_ex.o
LOAD ./Drivers/STM32F4xx_HAL_Driver/Src/stm32f4xx_hal_flash_ramfunc.o
LOAD ./Drivers/STM32F4xx_HAL_Driver/Src/stm32f4xx_hal_gpio.o
LOAD ./Drivers/STM32F4xx_HAL_Driver/Src/stm32f4xx_hal_pwr.o
LOAD ./Drivers/STM32F4xx_HAL_Driver/Src/stm32f4xx_hal_pwr_ex.o
LOAD ./Drivers/STM32F4xx_HAL_Driver/Src/stm32f4xx_hal_rcc.o
LOAD ./Drivers/STM32F4xx_HAL_Driver/Src/stm32f4xx_hal_rcc_ex.o
LOAD ./Drivers/STM32F4xx_HAL_Driver/Src/stm32f4xx_hal_tim.o
LOAD ./Drivers/STM32F4xx_HAL_Driver/Src/stm32f4xx_hal_tim_ex.o
LOAD ./Drivers/STM32F4xx_HAL_Driver/Src/stm32f4xx_hal_uart.o
LOAD ./Drivers/STM32F4xx_HAL_Driver/Src/stm32f4xx_ll_adc.o
LOAD ./Lib/Src/ADC_VOLTAGE.o
START GROUP
LOAD C:/CubeIDE/STM32CubeIDE_1.16.1/STM32CubeIDE/plugins/com.st.stm32cube.ide.mcu.externaltools.gnu-tools-for-stm32.12.3.rel1.win32_1.0.200.202406191623/tools/bin/../lib/gcc/arm-none-eabi/12.3.1/../../../../arm-none-eabi/lib/thumb/v7e-m+fp/hard\libc_nano.a
LOAD C:/CubeIDE/STM32CubeIDE_1.16.1/STM32CubeIDE/plugins/com.st.stm32cube.ide.mcu.externaltools.gnu-tools-for-stm32.12.3.rel1.win32_1.0.200.202406191623/tools/bin/../lib/gcc/arm-none-eabi/12.3.1/../../../../arm-none-eabi/lib/thumb/v7e-m+fp/hard\libm.a
END GROUP
START GROUP
LOAD C:/CubeIDE/STM32CubeIDE_1.16.1/STM32CubeIDE/plugins/com.st.stm32cube.ide.mcu.externaltools.gnu-tools-for-stm32.12.3.rel1.win32_1.0.200.202406191623/tools/bin/../lib/gcc/arm-none-eabi/12.3.1/thumb/v7e-m+fp/hard\libgcc.a
LOAD C:/CubeIDE/STM32CubeIDE_1.16.1/STM32CubeIDE/plugins/com.st.stm32cube.ide.mcu.externaltools.gnu-tools-for-stm32.12.3.rel1.win32_1.0.200.202406191623/tools/bin/../lib/gcc/arm-none-eabi/12.3.1/../../../../arm-none-eabi/lib/thumb/v7e-m+fp/hard\libc_nano.a
END GROUP
START GROUP
LOAD C:/CubeIDE/STM32CubeIDE_1.16.1/STM32CubeIDE/plugins/com.st.stm32cube.ide.mcu.externaltools.gnu-tools-for-stm32.12.3.rel1.win32_1.0.200.202406191623/tools/bin/../lib/gcc/arm-none-eabi/12.3.1/thumb/v7e-m+fp/hard\libgcc.a
LOAD C:/CubeIDE/STM32CubeIDE_1.16.1/STM32CubeIDE/plugins/com.st.stm32cube.ide.mcu.externaltools.gnu-tools-for-stm32.12.3.rel1.win32_1.0.200.202406191623/tools/bin/../lib/gcc/arm-none-eabi/12.3.1/../../../../arm-none-eabi/lib/thumb/v7e-m+fp/hard\libc_nano.a
LOAD C:/CubeIDE/STM32CubeIDE_1.16.1/STM32CubeIDE/plugins/com.st.stm32cube.ide.mcu.externaltools.gnu-tools-for-stm32.12.3.rel1.win32_1.0.200.202406191623/tools/bin/../lib/gcc/arm-none-eabi/12.3.1/../../../../arm-none-eabi/lib/thumb/v7e-m+fp/hard\libnosys.a
END GROUP
START GROUP
LOAD C:/CubeIDE/STM32CubeIDE_1.16.1/STM32CubeIDE/plugins/com.st.stm32cube.ide.mcu.externaltools.gnu-tools-for-stm32.12.3.rel1.win32_1.0.200.202406191623/tools/bin/../lib/gcc/arm-none-eabi/12.3.1/thumb/v7e-m+fp/hard\libgcc.a
LOAD C:/CubeIDE/STM32CubeIDE_1.16.1/STM32CubeIDE/plugins/com.st.stm32cube.ide.mcu.externaltools.gnu-tools-for-stm32.12.3.rel1.win32_1.0.200.202406191623/tools/bin/../lib/gcc/arm-none-eabi/12.3.1/../../../../arm-none-eabi/lib/thumb/v7e-m+fp/hard\libc_nano.a
LOAD C:/CubeIDE/STM32CubeIDE_1.16.1/STM32CubeIDE/plugins/com.st.stm32cube.ide.mcu.externaltools.gnu-tools-for-stm32.12.3.rel1.win32_1.0.200.202406191623/tools/bin/../lib/gcc/arm-none-eabi/12.3.1/../../../../arm-none-eabi/lib/thumb/v7e-m+fp/hard\libnosys.a
END GROUP
LOAD C:/CubeIDE/STM32CubeIDE_1.16.1/STM32CubeIDE/plugins/com.st.stm32cube.ide.mcu.externaltools.gnu-tools-for-stm32.12.3.rel1.win32_1.0.200.202406191623/tools/bin/../lib/gcc/arm-none-eabi/12.3.1/thumb/v7e-m+fp/hard/crtend.o
LOAD C:/CubeIDE/STM32CubeIDE_1.16.1/STM32CubeIDE/plugins/com.st.stm32cube.ide.mcu.externaltools.gnu-tools-for-stm32.12.3.rel1.win32_1.0.200.202406191623/tools/bin/../lib/gcc/arm-none-eabi/12.3.1/thumb/v7e-m+fp/hard/crtn.o
                0x20020000                        _estack = (ORIGIN (RAM) + LENGTH (RAM))
                0x00000200                        _Min_Heap_Size = 0x200
                0x00000400                        _Min_Stack_Size = 0x400

.isr_vector     0x08000000      0x188
                0x08000000                        . = ALIGN (0x4)
 *(.isr_vector)
 .isr_vector    0x08000000      0x188 ./Core/Startup/startup_stm32f407zetx.o
                0x08000000                g_pfnVectors
                0x08000188                        . = ALIGN (0x4)

.text           0x08000190     0x5048
                0x08000190                        . = ALIGN (0x4)
 *(.text)
 .text          0x08000190       0x40 C:/CubeIDE/STM32CubeIDE_1.16.1/STM32CubeIDE/plugins/com.st.stm32cube.ide.mcu.externaltools.gnu-tools-for-stm32.12.3.rel1.win32_1.0.200.202406191623/tools/bin/../lib/gcc/arm-none-eabi/12.3.1/thumb/v7e-m+fp/hard/crtbegin.o
 .text          0x080001d0       0xa0 C:/CubeIDE/STM32CubeIDE_1.16.1/STM32CubeIDE/plugins/com.st.stm32cube.ide.mcu.externaltools.gnu-tools-for-stm32.12.3.rel1.win32_1.0.200.202406191623/tools/bin/../lib/gcc/arm-none-eabi/12.3.1/../../../../arm-none-eabi/lib/thumb/v7e-m+fp/hard\libc_nano.a(libc_a-memchr.o)
                0x080001d0                memchr
 .text          0x08000270       0x30 C:/CubeIDE/STM32CubeIDE_1.16.1/STM32CubeIDE/plugins/com.st.stm32cube.ide.mcu.externaltools.gnu-tools-for-stm32.12.3.rel1.win32_1.0.200.202406191623/tools/bin/../lib/gcc/arm-none-eabi/12.3.1/thumb/v7e-m+fp/hard\libgcc.a(_aeabi_uldivmod.o)
                0x08000270                __aeabi_uldivmod
 .text          0x080002a0      0x2bc C:/CubeIDE/STM32CubeIDE_1.16.1/STM32CubeIDE/plugins/com.st.stm32cube.ide.mcu.externaltools.gnu-tools-for-stm32.12.3.rel1.win32_1.0.200.202406191623/tools/bin/../lib/gcc/arm-none-eabi/12.3.1/thumb/v7e-m+fp/hard\libgcc.a(_udivmoddi4.o)
                0x080002a0                __udivmoddi4
 .text          0x0800055c        0x4 C:/CubeIDE/STM32CubeIDE_1.16.1/STM32CubeIDE/plugins/com.st.stm32cube.ide.mcu.externaltools.gnu-tools-for-stm32.12.3.rel1.win32_1.0.200.202406191623/tools/bin/../lib/gcc/arm-none-eabi/12.3.1/thumb/v7e-m+fp/hard\libgcc.a(_dvmd_tls.o)
                0x0800055c                __aeabi_idiv0
                0x0800055c                __aeabi_ldiv0
 *(.text*)
 .text.Light_init
                0x08000560       0x54 ./App/Src/System.o
                0x08000560                Light_init
 .text.MX_ADC1_Init
                0x080005b4       0xa4 ./Core/Src/adc.o
                0x080005b4                MX_ADC1_Init
 .text.HAL_ADC_MspInit
                0x08000658       0xec ./Core/Src/adc.o
                0x08000658                HAL_ADC_MspInit
 .text.MX_DMA_Init
                0x08000744       0x40 ./Core/Src/dma.o
                0x08000744                MX_DMA_Init
 .text.MX_GPIO_Init
                0x08000784       0x50 ./Core/Src/gpio.o
                0x08000784                MX_GPIO_Init
 .text.main     0x080007d4       0x38 ./Core/Src/main.o
                0x080007d4                main
 .text.SystemClock_Config
                0x0800080c       0xd0 ./Core/Src/main.o
                0x0800080c                SystemClock_Config
 .text.Error_Handler
                0x080008dc        0xc ./Core/Src/main.o
                0x080008dc                Error_Handler
 .text.HAL_MspInit
                0x080008e8       0x50 ./Core/Src/stm32f4xx_hal_msp.o
                0x080008e8                HAL_MspInit
 .text.NMI_Handler
                0x08000938        0x8 ./Core/Src/stm32f4xx_it.o
                0x08000938                NMI_Handler
 .text.HardFault_Handler
                0x08000940        0x8 ./Core/Src/stm32f4xx_it.o
                0x08000940                HardFault_Handler
 .text.MemManage_Handler
                0x08000948        0x8 ./Core/Src/stm32f4xx_it.o
                0x08000948                MemManage_Handler
 .text.BusFault_Handler
                0x08000950        0x8 ./Core/Src/stm32f4xx_it.o
                0x08000950                BusFault_Handler
 .text.UsageFault_Handler
                0x08000958        0x8 ./Core/Src/stm32f4xx_it.o
                0x08000958                UsageFault_Handler
 .text.SVC_Handler
                0x08000960        0xe ./Core/Src/stm32f4xx_it.o
                0x08000960                SVC_Handler
 .text.DebugMon_Handler
                0x0800096e        0xe ./Core/Src/stm32f4xx_it.o
                0x0800096e                DebugMon_Handler
 .text.PendSV_Handler
                0x0800097c        0xe ./Core/Src/stm32f4xx_it.o
                0x0800097c                PendSV_Handler
 .text.SysTick_Handler
                0x0800098a        0xc ./Core/Src/stm32f4xx_it.o
                0x0800098a                SysTick_Handler
 *fill*         0x08000996        0x2 
 .text.TIM5_IRQHandler
                0x08000998       0x14 ./Core/Src/stm32f4xx_it.o
                0x08000998                TIM5_IRQHandler
 .text.DMA2_Stream0_IRQHandler
                0x080009ac       0x14 ./Core/Src/stm32f4xx_it.o
                0x080009ac                DMA2_Stream0_IRQHandler
 .text._read    0x080009c0       0x3a ./Core/Src/syscalls.o
                0x080009c0                _read
 .text._write   0x080009fa       0x38 ./Core/Src/syscalls.o
                0x080009fa                _write
 .text._close   0x08000a32       0x18 ./Core/Src/syscalls.o
                0x08000a32                _close
 .text._fstat   0x08000a4a       0x20 ./Core/Src/syscalls.o
                0x08000a4a                _fstat
 .text._isatty  0x08000a6a       0x16 ./Core/Src/syscalls.o
                0x08000a6a                _isatty
 .text._lseek   0x08000a80       0x1a ./Core/Src/syscalls.o
                0x08000a80                _lseek
 *fill*         0x08000a9a        0x2 
 .text._sbrk    0x08000a9c       0x6c ./Core/Src/sysmem.o
                0x08000a9c                _sbrk
 .text.SystemInit
                0x08000b08       0x24 ./Core/Src/system_stm32f4xx.o
                0x08000b08                SystemInit
 .text.MX_TIM3_Init
                0x08000b2c       0xec ./Core/Src/tim.o
                0x08000b2c                MX_TIM3_Init
 .text.MX_TIM5_Init
                0x08000c18       0x9c ./Core/Src/tim.o
                0x08000c18                MX_TIM5_Init
 .text.HAL_TIM_Base_MspInit
                0x08000cb4       0x7c ./Core/Src/tim.o
                0x08000cb4                HAL_TIM_Base_MspInit
 .text.HAL_TIM_MspPostInit
                0x08000d30       0x74 ./Core/Src/tim.o
                0x08000d30                HAL_TIM_MspPostInit
 .text.MX_USART1_UART_Init
                0x08000da4       0x54 ./Core/Src/usart.o
                0x08000da4                MX_USART1_UART_Init
 .text.HAL_UART_MspInit
                0x08000df8       0x90 ./Core/Src/usart.o
                0x08000df8                HAL_UART_MspInit
 .text.Reset_Handler
                0x08000e88       0x50 ./Core/Startup/startup_stm32f407zetx.o
                0x08000e88                Reset_Handler
 .text.Default_Handler
                0x08000ed8        0x2 ./Core/Startup/startup_stm32f407zetx.o
                0x08000ed8                RTC_Alarm_IRQHandler
                0x08000ed8                HASH_RNG_IRQHandler
                0x08000ed8                EXTI2_IRQHandler
                0x08000ed8                TIM8_CC_IRQHandler
                0x08000ed8                TIM1_CC_IRQHandler
                0x08000ed8                DMA2_Stream5_IRQHandler
                0x08000ed8                DMA1_Stream5_IRQHandler
                0x08000ed8                PVD_IRQHandler
                0x08000ed8                SDIO_IRQHandler
                0x08000ed8                TAMP_STAMP_IRQHandler
                0x08000ed8                CAN2_RX1_IRQHandler
                0x08000ed8                EXTI3_IRQHandler
                0x08000ed8                TIM8_TRG_COM_TIM14_IRQHandler
                0x08000ed8                TIM1_UP_TIM10_IRQHandler
                0x08000ed8                TIM8_UP_TIM13_IRQHandler
                0x08000ed8                I2C3_ER_IRQHandler
                0x08000ed8                EXTI0_IRQHandler
                0x08000ed8                I2C2_EV_IRQHandler
                0x08000ed8                DMA1_Stream2_IRQHandler
                0x08000ed8                CAN1_RX0_IRQHandler
                0x08000ed8                FPU_IRQHandler
                0x08000ed8                OTG_HS_WKUP_IRQHandler
                0x08000ed8                CAN2_SCE_IRQHandler
                0x08000ed8                DMA2_Stream2_IRQHandler
                0x08000ed8                SPI1_IRQHandler
                0x08000ed8                TIM6_DAC_IRQHandler
                0x08000ed8                TIM1_BRK_TIM9_IRQHandler
                0x08000ed8                DCMI_IRQHandler
                0x08000ed8                CAN2_RX0_IRQHandler
                0x08000ed8                DMA2_Stream3_IRQHandler
                0x08000ed8                USART6_IRQHandler
                0x08000ed8                USART3_IRQHandler
                0x08000ed8                CAN1_RX1_IRQHandler
                0x08000ed8                UART5_IRQHandler
                0x08000ed8                TIM4_IRQHandler
                0x08000ed8                I2C1_EV_IRQHandler
                0x08000ed8                DMA1_Stream6_IRQHandler
                0x08000ed8                DMA1_Stream1_IRQHandler
                0x08000ed8                UART4_IRQHandler
                0x08000ed8                TIM3_IRQHandler
                0x08000ed8                RCC_IRQHandler
                0x08000ed8                TIM8_BRK_TIM12_IRQHandler
                0x08000ed8                Default_Handler
                0x08000ed8                EXTI15_10_IRQHandler
                0x08000ed8                ADC_IRQHandler
                0x08000ed8                DMA1_Stream7_IRQHandler
                0x08000ed8                TIM7_IRQHandler
                0x08000ed8                CAN2_TX_IRQHandler
                0x08000ed8                DMA2_Stream7_IRQHandler
                0x08000ed8                I2C3_EV_IRQHandler
                0x08000ed8                EXTI9_5_IRQHandler
                0x08000ed8                RTC_WKUP_IRQHandler
                0x08000ed8                ETH_WKUP_IRQHandler
                0x08000ed8                SPI2_IRQHandler
                0x08000ed8                OTG_HS_EP1_IN_IRQHandler
                0x08000ed8                DMA1_Stream0_IRQHandler
                0x08000ed8                CAN1_TX_IRQHandler
                0x08000ed8                EXTI4_IRQHandler
                0x08000ed8                FSMC_IRQHandler
                0x08000ed8                ETH_IRQHandler
                0x08000ed8                OTG_HS_EP1_OUT_IRQHandler
                0x08000ed8                WWDG_IRQHandler
                0x08000ed8                TIM2_IRQHandler
                0x08000ed8                OTG_FS_WKUP_IRQHandler
                0x08000ed8                TIM1_TRG_COM_TIM11_IRQHandler
                0x08000ed8                OTG_HS_IRQHandler
                0x08000ed8                EXTI1_IRQHandler
                0x08000ed8                USART2_IRQHandler
                0x08000ed8                I2C2_ER_IRQHandler
                0x08000ed8                DMA2_Stream1_IRQHandler
                0x08000ed8                CAN1_SCE_IRQHandler
                0x08000ed8                FLASH_IRQHandler
                0x08000ed8                DMA2_Stream4_IRQHandler
                0x08000ed8                USART1_IRQHandler
                0x08000ed8                OTG_FS_IRQHandler
                0x08000ed8                SPI3_IRQHandler
                0x08000ed8                DMA1_Stream4_IRQHandler
                0x08000ed8                I2C1_ER_IRQHandler
                0x08000ed8                DMA2_Stream6_IRQHandler
                0x08000ed8                DMA1_Stream3_IRQHandler
 *fill*         0x08000eda        0x2 
 .text.HAL_Init
                0x08000edc       0x44 ./Drivers/STM32F4xx_HAL_Driver/Src/stm32f4xx_hal.o
                0x08000edc                HAL_Init
 .text.HAL_InitTick
                0x08000f20       0x60 ./Drivers/STM32F4xx_HAL_Driver/Src/stm32f4xx_hal.o
                0x08000f20                HAL_InitTick
 .text.HAL_IncTick
                0x08000f80       0x28 ./Drivers/STM32F4xx_HAL_Driver/Src/stm32f4xx_hal.o
                0x08000f80                HAL_IncTick
 .text.HAL_GetTick
                0x08000fa8       0x18 ./Drivers/STM32F4xx_HAL_Driver/Src/stm32f4xx_hal.o
                0x08000fa8                HAL_GetTick
 .text.HAL_Delay
                0x08000fc0       0x48 ./Drivers/STM32F4xx_HAL_Driver/Src/stm32f4xx_hal.o
                0x08000fc0                HAL_Delay
 .text.HAL_ADC_Init
                0x08001008       0x86 ./Drivers/STM32F4xx_HAL_Driver/Src/stm32f4xx_hal_adc.o
                0x08001008                HAL_ADC_Init
 *fill*         0x0800108e        0x2 
 .text.HAL_ADC_Start_DMA
                0x08001090      0x220 ./Drivers/STM32F4xx_HAL_Driver/Src/stm32f4xx_hal_adc.o
                0x08001090                HAL_ADC_Start_DMA
 .text.HAL_ADC_ConvHalfCpltCallback
                0x080012b0       0x14 ./Drivers/STM32F4xx_HAL_Driver/Src/stm32f4xx_hal_adc.o
                0x080012b0                HAL_ADC_ConvHalfCpltCallback
 .text.HAL_ADC_ErrorCallback
                0x080012c4       0x14 ./Drivers/STM32F4xx_HAL_Driver/Src/stm32f4xx_hal_adc.o
                0x080012c4                HAL_ADC_ErrorCallback
 .text.HAL_ADC_ConfigChannel
                0x080012d8      0x244 ./Drivers/STM32F4xx_HAL_Driver/Src/stm32f4xx_hal_adc.o
                0x080012d8                HAL_ADC_ConfigChannel
 .text.ADC_Init
                0x0800151c      0x1f8 ./Drivers/STM32F4xx_HAL_Driver/Src/stm32f4xx_hal_adc.o
 .text.ADC_DMAConvCplt
                0x08001714       0xba ./Drivers/STM32F4xx_HAL_Driver/Src/stm32f4xx_hal_adc.o
 .text.ADC_DMAHalfConvCplt
                0x080017ce       0x1c ./Drivers/STM32F4xx_HAL_Driver/Src/stm32f4xx_hal_adc.o
 .text.ADC_DMAError
                0x080017ea       0x2e ./Drivers/STM32F4xx_HAL_Driver/Src/stm32f4xx_hal_adc.o
 .text.__NVIC_SetPriorityGrouping
                0x08001818       0x48 ./Drivers/STM32F4xx_HAL_Driver/Src/stm32f4xx_hal_cortex.o
 .text.__NVIC_GetPriorityGrouping
                0x08001860       0x1c ./Drivers/STM32F4xx_HAL_Driver/Src/stm32f4xx_hal_cortex.o
 .text.__NVIC_EnableIRQ
                0x0800187c       0x3c ./Drivers/STM32F4xx_HAL_Driver/Src/stm32f4xx_hal_cortex.o
 .text.__NVIC_SetPriority
                0x080018b8       0x54 ./Drivers/STM32F4xx_HAL_Driver/Src/stm32f4xx_hal_cortex.o
 .text.NVIC_EncodePriority
                0x0800190c       0x66 ./Drivers/STM32F4xx_HAL_Driver/Src/stm32f4xx_hal_cortex.o
 *fill*         0x08001972        0x2 
 .text.SysTick_Config
                0x08001974       0x44 ./Drivers/STM32F4xx_HAL_Driver/Src/stm32f4xx_hal_cortex.o
 .text.HAL_NVIC_SetPriorityGrouping
                0x080019b8       0x16 ./Drivers/STM32F4xx_HAL_Driver/Src/stm32f4xx_hal_cortex.o
                0x080019b8                HAL_NVIC_SetPriorityGrouping
 .text.HAL_NVIC_SetPriority
                0x080019ce       0x38 ./Drivers/STM32F4xx_HAL_Driver/Src/stm32f4xx_hal_cortex.o
                0x080019ce                HAL_NVIC_SetPriority
 .text.HAL_NVIC_EnableIRQ
                0x08001a06       0x1c ./Drivers/STM32F4xx_HAL_Driver/Src/stm32f4xx_hal_cortex.o
                0x08001a06                HAL_NVIC_EnableIRQ
 .text.HAL_SYSTICK_Config
                0x08001a22       0x18 ./Drivers/STM32F4xx_HAL_Driver/Src/stm32f4xx_hal_cortex.o
                0x08001a22                HAL_SYSTICK_Config
 *fill*         0x08001a3a        0x2 
 .text.HAL_DMA_Init
                0x08001a3c      0x15c ./Drivers/STM32F4xx_HAL_Driver/Src/stm32f4xx_hal_dma.o
                0x08001a3c                HAL_DMA_Init
 .text.HAL_DMA_Start_IT
                0x08001b98       0xb0 ./Drivers/STM32F4xx_HAL_Driver/Src/stm32f4xx_hal_dma.o
                0x08001b98                HAL_DMA_Start_IT
 .text.HAL_DMA_IRQHandler
                0x08001c48      0x314 ./Drivers/STM32F4xx_HAL_Driver/Src/stm32f4xx_hal_dma.o
                0x08001c48                HAL_DMA_IRQHandler
 .text.DMA_SetConfig
                0x08001f5c       0x5c ./Drivers/STM32F4xx_HAL_Driver/Src/stm32f4xx_hal_dma.o
 .text.DMA_CalcBaseAndBitshift
                0x08001fb8       0x6c ./Drivers/STM32F4xx_HAL_Driver/Src/stm32f4xx_hal_dma.o
 .text.DMA_CheckFifoParam
                0x08002024       0xf8 ./Drivers/STM32F4xx_HAL_Driver/Src/stm32f4xx_hal_dma.o
 .text.HAL_GPIO_Init
                0x0800211c      0x338 ./Drivers/STM32F4xx_HAL_Driver/Src/stm32f4xx_hal_gpio.o
                0x0800211c                HAL_GPIO_Init
 .text.HAL_RCC_OscConfig
                0x08002454      0x4f0 ./Drivers/STM32F4xx_HAL_Driver/Src/stm32f4xx_hal_rcc.o
                0x08002454                HAL_RCC_OscConfig
 .text.HAL_RCC_ClockConfig
                0x08002944      0x1cc ./Drivers/STM32F4xx_HAL_Driver/Src/stm32f4xx_hal_rcc.o
                0x08002944                HAL_RCC_ClockConfig
 .text.HAL_RCC_GetSysClockFreq
                0x08002b10      0x18c ./Drivers/STM32F4xx_HAL_Driver/Src/stm32f4xx_hal_rcc.o
                0x08002b10                HAL_RCC_GetSysClockFreq
 .text.HAL_RCC_GetHCLKFreq
                0x08002c9c       0x18 ./Drivers/STM32F4xx_HAL_Driver/Src/stm32f4xx_hal_rcc.o
                0x08002c9c                HAL_RCC_GetHCLKFreq
 .text.HAL_RCC_GetPCLK1Freq
                0x08002cb4       0x28 ./Drivers/STM32F4xx_HAL_Driver/Src/stm32f4xx_hal_rcc.o
                0x08002cb4                HAL_RCC_GetPCLK1Freq
 .text.HAL_RCC_GetPCLK2Freq
                0x08002cdc       0x28 ./Drivers/STM32F4xx_HAL_Driver/Src/stm32f4xx_hal_rcc.o
                0x08002cdc                HAL_RCC_GetPCLK2Freq
 .text.HAL_TIM_Base_Init
                0x08002d04       0x9e ./Drivers/STM32F4xx_HAL_Driver/Src/stm32f4xx_hal_tim.o
                0x08002d04                HAL_TIM_Base_Init
 *fill*         0x08002da2        0x2 
 .text.HAL_TIM_Base_Start_IT
                0x08002da4       0xe0 ./Drivers/STM32F4xx_HAL_Driver/Src/stm32f4xx_hal_tim.o
                0x08002da4                HAL_TIM_Base_Start_IT
 .text.HAL_TIM_PWM_Init
                0x08002e84       0x9e ./Drivers/STM32F4xx_HAL_Driver/Src/stm32f4xx_hal_tim.o
                0x08002e84                HAL_TIM_PWM_Init
 .text.HAL_TIM_PWM_MspInit
                0x08002f22       0x14 ./Drivers/STM32F4xx_HAL_Driver/Src/stm32f4xx_hal_tim.o
                0x08002f22                HAL_TIM_PWM_MspInit
 *fill*         0x08002f36        0x2 
 .text.HAL_TIM_PWM_Start
                0x08002f38      0x190 ./Drivers/STM32F4xx_HAL_Driver/Src/stm32f4xx_hal_tim.o
                0x08002f38                HAL_TIM_PWM_Start
 .text.HAL_TIM_IRQHandler
                0x080030c8      0x1e0 ./Drivers/STM32F4xx_HAL_Driver/Src/stm32f4xx_hal_tim.o
                0x080030c8                HAL_TIM_IRQHandler
 .text.HAL_TIM_PWM_ConfigChannel
                0x080032a8      0x184 ./Drivers/STM32F4xx_HAL_Driver/Src/stm32f4xx_hal_tim.o
                0x080032a8                HAL_TIM_PWM_ConfigChannel
 .text.HAL_TIM_ConfigClockSource
                0x0800342c      0x18e ./Drivers/STM32F4xx_HAL_Driver/Src/stm32f4xx_hal_tim.o
                0x0800342c                HAL_TIM_ConfigClockSource
 .text.HAL_TIM_OC_DelayElapsedCallback
                0x080035ba       0x14 ./Drivers/STM32F4xx_HAL_Driver/Src/stm32f4xx_hal_tim.o
                0x080035ba                HAL_TIM_OC_DelayElapsedCallback
 .text.HAL_TIM_IC_CaptureCallback
                0x080035ce       0x14 ./Drivers/STM32F4xx_HAL_Driver/Src/stm32f4xx_hal_tim.o
                0x080035ce                HAL_TIM_IC_CaptureCallback
 .text.HAL_TIM_PWM_PulseFinishedCallback
                0x080035e2       0x14 ./Drivers/STM32F4xx_HAL_Driver/Src/stm32f4xx_hal_tim.o
                0x080035e2                HAL_TIM_PWM_PulseFinishedCallback
 .text.HAL_TIM_TriggerCallback
                0x080035f6       0x14 ./Drivers/STM32F4xx_HAL_Driver/Src/stm32f4xx_hal_tim.o
                0x080035f6                HAL_TIM_TriggerCallback
 *fill*         0x0800360a        0x2 
 .text.TIM_Base_SetConfig
                0x0800360c      0x158 ./Drivers/STM32F4xx_HAL_Driver/Src/stm32f4xx_hal_tim.o
                0x0800360c                TIM_Base_SetConfig
 .text.TIM_OC1_SetConfig
                0x08003764       0xe0 ./Drivers/STM32F4xx_HAL_Driver/Src/stm32f4xx_hal_tim.o
 .text.TIM_OC2_SetConfig
                0x08003844       0xec ./Drivers/STM32F4xx_HAL_Driver/Src/stm32f4xx_hal_tim.o
                0x08003844                TIM_OC2_SetConfig
 .text.TIM_OC3_SetConfig
                0x08003930       0xe8 ./Drivers/STM32F4xx_HAL_Driver/Src/stm32f4xx_hal_tim.o
 .text.TIM_OC4_SetConfig
                0x08003a18       0xac ./Drivers/STM32F4xx_HAL_Driver/Src/stm32f4xx_hal_tim.o
 .text.TIM_TI1_ConfigInputStage
                0x08003ac4       0x5e ./Drivers/STM32F4xx_HAL_Driver/Src/stm32f4xx_hal_tim.o
 .text.TIM_TI2_ConfigInputStage
                0x08003b22       0x60 ./Drivers/STM32F4xx_HAL_Driver/Src/stm32f4xx_hal_tim.o
 .text.TIM_ITRx_SetConfig
                0x08003b82       0x36 ./Drivers/STM32F4xx_HAL_Driver/Src/stm32f4xx_hal_tim.o
 .text.TIM_ETR_SetConfig
                0x08003bb8       0x40 ./Drivers/STM32F4xx_HAL_Driver/Src/stm32f4xx_hal_tim.o
                0x08003bb8                TIM_ETR_SetConfig
 .text.TIM_CCxChannelCmd
                0x08003bf8       0x4a ./Drivers/STM32F4xx_HAL_Driver/Src/stm32f4xx_hal_tim.o
                0x08003bf8                TIM_CCxChannelCmd
 *fill*         0x08003c42        0x2 
 .text.HAL_TIMEx_MasterConfigSynchronization
                0x08003c44       0xf8 ./Drivers/STM32F4xx_HAL_Driver/Src/stm32f4xx_hal_tim_ex.o
                0x08003c44                HAL_TIMEx_MasterConfigSynchronization
 .text.HAL_TIMEx_CommutCallback
                0x08003d3c       0x14 ./Drivers/STM32F4xx_HAL_Driver/Src/stm32f4xx_hal_tim_ex.o
                0x08003d3c                HAL_TIMEx_CommutCallback
 .text.HAL_TIMEx_BreakCallback
                0x08003d50       0x14 ./Drivers/STM32F4xx_HAL_Driver/Src/stm32f4xx_hal_tim_ex.o
                0x08003d50                HAL_TIMEx_BreakCallback
 .text.HAL_UART_Init
                0x08003d64       0xa0 ./Drivers/STM32F4xx_HAL_Driver/Src/stm32f4xx_hal_uart.o
                0x08003d64                HAL_UART_Init
 .text.UART_SetConfig
                0x08003e04      0x4e8 ./Drivers/STM32F4xx_HAL_Driver/Src/stm32f4xx_hal_uart.o
 .text.ADC_VOLTAGE_MEASURE
                0x080042ec       0x1c ./Lib/Src/ADC_VOLTAGE.o
                0x080042ec                ADC_VOLTAGE_MEASURE
 .text.HAL_TIM_PeriodElapsedCallback
                0x08004308       0x24 ./Lib/Src/ADC_VOLTAGE.o
                0x08004308                HAL_TIM_PeriodElapsedCallback
 .text.HAL_ADC_ConvCpltCallback
                0x0800432c       0x34 ./Lib/Src/ADC_VOLTAGE.o
                0x0800432c                HAL_ADC_ConvCpltCallback
 .text.std      0x08004360       0x6c C:/CubeIDE/STM32CubeIDE_1.16.1/STM32CubeIDE/plugins/com.st.stm32cube.ide.mcu.externaltools.gnu-tools-for-stm32.12.3.rel1.win32_1.0.200.202406191623/tools/bin/../lib/gcc/arm-none-eabi/12.3.1/../../../../arm-none-eabi/lib/thumb/v7e-m+fp/hard\libc_nano.a(libc_a-findfp.o)
 .text.stdio_exit_handler
                0x080043cc       0x18 C:/CubeIDE/STM32CubeIDE_1.16.1/STM32CubeIDE/plugins/com.st.stm32cube.ide.mcu.externaltools.gnu-tools-for-stm32.12.3.rel1.win32_1.0.200.202406191623/tools/bin/../lib/gcc/arm-none-eabi/12.3.1/../../../../arm-none-eabi/lib/thumb/v7e-m+fp/hard\libc_nano.a(libc_a-findfp.o)
 .text.cleanup_stdio
                0x080043e4       0x40 C:/CubeIDE/STM32CubeIDE_1.16.1/STM32CubeIDE/plugins/com.st.stm32cube.ide.mcu.externaltools.gnu-tools-for-stm32.12.3.rel1.win32_1.0.200.202406191623/tools/bin/../lib/gcc/arm-none-eabi/12.3.1/../../../../arm-none-eabi/lib/thumb/v7e-m+fp/hard\libc_nano.a(libc_a-findfp.o)
 .text.global_stdio_init.part.0
                0x08004424       0x3c C:/CubeIDE/STM32CubeIDE_1.16.1/STM32CubeIDE/plugins/com.st.stm32cube.ide.mcu.externaltools.gnu-tools-for-stm32.12.3.rel1.win32_1.0.200.202406191623/tools/bin/../lib/gcc/arm-none-eabi/12.3.1/../../../../arm-none-eabi/lib/thumb/v7e-m+fp/hard\libc_nano.a(libc_a-findfp.o)
 .text.__sfp_lock_acquire
                0x08004460        0xc C:/CubeIDE/STM32CubeIDE_1.16.1/STM32CubeIDE/plugins/com.st.stm32cube.ide.mcu.externaltools.gnu-tools-for-stm32.12.3.rel1.win32_1.0.200.202406191623/tools/bin/../lib/gcc/arm-none-eabi/12.3.1/../../../../arm-none-eabi/lib/thumb/v7e-m+fp/hard\libc_nano.a(libc_a-findfp.o)
                0x08004460                __sfp_lock_acquire
 .text.__sfp_lock_release
                0x0800446c        0xc C:/CubeIDE/STM32CubeIDE_1.16.1/STM32CubeIDE/plugins/com.st.stm32cube.ide.mcu.externaltools.gnu-tools-for-stm32.12.3.rel1.win32_1.0.200.202406191623/tools/bin/../lib/gcc/arm-none-eabi/12.3.1/../../../../arm-none-eabi/lib/thumb/v7e-m+fp/hard\libc_nano.a(libc_a-findfp.o)
                0x0800446c                __sfp_lock_release
 .text.__sinit  0x08004478       0x30 C:/CubeIDE/STM32CubeIDE_1.16.1/STM32CubeIDE/plugins/com.st.stm32cube.ide.mcu.externaltools.gnu-tools-for-stm32.12.3.rel1.win32_1.0.200.202406191623/tools/bin/../lib/gcc/arm-none-eabi/12.3.1/../../../../arm-none-eabi/lib/thumb/v7e-m+fp/hard\libc_nano.a(libc_a-findfp.o)
                0x08004478                __sinit
 .text._fwalk_sglue
                0x080044a8       0x3c C:/CubeIDE/STM32CubeIDE_1.16.1/STM32CubeIDE/plugins/com.st.stm32cube.ide.mcu.externaltools.gnu-tools-for-stm32.12.3.rel1.win32_1.0.200.202406191623/tools/bin/../lib/gcc/arm-none-eabi/12.3.1/../../../../arm-none-eabi/lib/thumb/v7e-m+fp/hard\libc_nano.a(libc_a-fwalk.o)
                0x080044a8                _fwalk_sglue
 .text.printf   0x080044e4       0x24 C:/CubeIDE/STM32CubeIDE_1.16.1/STM32CubeIDE/plugins/com.st.stm32cube.ide.mcu.externaltools.gnu-tools-for-stm32.12.3.rel1.win32_1.0.200.202406191623/tools/bin/../lib/gcc/arm-none-eabi/12.3.1/../../../../arm-none-eabi/lib/thumb/v7e-m+fp/hard\libc_nano.a(libc_a-printf.o)
                0x080044e4                iprintf
                0x080044e4                printf
 .text.__sread  0x08004508       0x22 C:/CubeIDE/STM32CubeIDE_1.16.1/STM32CubeIDE/plugins/com.st.stm32cube.ide.mcu.externaltools.gnu-tools-for-stm32.12.3.rel1.win32_1.0.200.202406191623/tools/bin/../lib/gcc/arm-none-eabi/12.3.1/../../../../arm-none-eabi/lib/thumb/v7e-m+fp/hard\libc_nano.a(libc_a-stdio.o)
                0x08004508                __sread
 .text.__swrite
                0x0800452a       0x38 C:/CubeIDE/STM32CubeIDE_1.16.1/STM32CubeIDE/plugins/com.st.stm32cube.ide.mcu.externaltools.gnu-tools-for-stm32.12.3.rel1.win32_1.0.200.202406191623/tools/bin/../lib/gcc/arm-none-eabi/12.3.1/../../../../arm-none-eabi/lib/thumb/v7e-m+fp/hard\libc_nano.a(libc_a-stdio.o)
                0x0800452a                __swrite
 .text.__sseek  0x08004562       0x24 C:/CubeIDE/STM32CubeIDE_1.16.1/STM32CubeIDE/plugins/com.st.stm32cube.ide.mcu.externaltools.gnu-tools-for-stm32.12.3.rel1.win32_1.0.200.202406191623/tools/bin/../lib/gcc/arm-none-eabi/12.3.1/../../../../arm-none-eabi/lib/thumb/v7e-m+fp/hard\libc_nano.a(libc_a-stdio.o)
                0x08004562                __sseek
 .text.__sclose
                0x08004586        0x8 C:/CubeIDE/STM32CubeIDE_1.16.1/STM32CubeIDE/plugins/com.st.stm32cube.ide.mcu.externaltools.gnu-tools-for-stm32.12.3.rel1.win32_1.0.200.202406191623/tools/bin/../lib/gcc/arm-none-eabi/12.3.1/../../../../arm-none-eabi/lib/thumb/v7e-m+fp/hard\libc_nano.a(libc_a-stdio.o)
                0x08004586                __sclose
 .text.memset   0x0800458e       0x10 C:/CubeIDE/STM32CubeIDE_1.16.1/STM32CubeIDE/plugins/com.st.stm32cube.ide.mcu.externaltools.gnu-tools-for-stm32.12.3.rel1.win32_1.0.200.202406191623/tools/bin/../lib/gcc/arm-none-eabi/12.3.1/../../../../arm-none-eabi/lib/thumb/v7e-m+fp/hard\libc_nano.a(libc_a-memset.o)
                0x0800458e                memset
 *fill*         0x0800459e        0x2 
 .text._close_r
                0x080045a0       0x20 C:/CubeIDE/STM32CubeIDE_1.16.1/STM32CubeIDE/plugins/com.st.stm32cube.ide.mcu.externaltools.gnu-tools-for-stm32.12.3.rel1.win32_1.0.200.202406191623/tools/bin/../lib/gcc/arm-none-eabi/12.3.1/../../../../arm-none-eabi/lib/thumb/v7e-m+fp/hard\libc_nano.a(libc_a-closer.o)
                0x080045a0                _close_r
 .text._lseek_r
                0x080045c0       0x24 C:/CubeIDE/STM32CubeIDE_1.16.1/STM32CubeIDE/plugins/com.st.stm32cube.ide.mcu.externaltools.gnu-tools-for-stm32.12.3.rel1.win32_1.0.200.202406191623/tools/bin/../lib/gcc/arm-none-eabi/12.3.1/../../../../arm-none-eabi/lib/thumb/v7e-m+fp/hard\libc_nano.a(libc_a-lseekr.o)
                0x080045c0                _lseek_r
 .text._read_r  0x080045e4       0x24 C:/CubeIDE/STM32CubeIDE_1.16.1/STM32CubeIDE/plugins/com.st.stm32cube.ide.mcu.externaltools.gnu-tools-for-stm32.12.3.rel1.win32_1.0.200.202406191623/tools/bin/../lib/gcc/arm-none-eabi/12.3.1/../../../../arm-none-eabi/lib/thumb/v7e-m+fp/hard\libc_nano.a(libc_a-readr.o)
                0x080045e4                _read_r
 .text._write_r
                0x08004608       0x24 C:/CubeIDE/STM32CubeIDE_1.16.1/STM32CubeIDE/plugins/com.st.stm32cube.ide.mcu.externaltools.gnu-tools-for-stm32.12.3.rel1.win32_1.0.200.202406191623/tools/bin/../lib/gcc/arm-none-eabi/12.3.1/../../../../arm-none-eabi/lib/thumb/v7e-m+fp/hard\libc_nano.a(libc_a-writer.o)
                0x08004608                _write_r
 .text.__errno  0x0800462c        0xc C:/CubeIDE/STM32CubeIDE_1.16.1/STM32CubeIDE/plugins/com.st.stm32cube.ide.mcu.externaltools.gnu-tools-for-stm32.12.3.rel1.win32_1.0.200.202406191623/tools/bin/../lib/gcc/arm-none-eabi/12.3.1/../../../../arm-none-eabi/lib/thumb/v7e-m+fp/hard\libc_nano.a(libc_a-errno.o)
                0x0800462c                __errno
 .text.__libc_init_array
                0x08004638       0x48 C:/CubeIDE/STM32CubeIDE_1.16.1/STM32CubeIDE/plugins/com.st.stm32cube.ide.mcu.externaltools.gnu-tools-for-stm32.12.3.rel1.win32_1.0.200.202406191623/tools/bin/../lib/gcc/arm-none-eabi/12.3.1/../../../../arm-none-eabi/lib/thumb/v7e-m+fp/hard\libc_nano.a(libc_a-init.o)
                0x08004638                __libc_init_array
 .text.__retarget_lock_init_recursive
                0x08004680        0x2 C:/CubeIDE/STM32CubeIDE_1.16.1/STM32CubeIDE/plugins/com.st.stm32cube.ide.mcu.externaltools.gnu-tools-for-stm32.12.3.rel1.win32_1.0.200.202406191623/tools/bin/../lib/gcc/arm-none-eabi/12.3.1/../../../../arm-none-eabi/lib/thumb/v7e-m+fp/hard\libc_nano.a(libc_a-lock.o)
                0x08004680                __retarget_lock_init_recursive
 .text.__retarget_lock_acquire_recursive
                0x08004682        0x2 C:/CubeIDE/STM32CubeIDE_1.16.1/STM32CubeIDE/plugins/com.st.stm32cube.ide.mcu.externaltools.gnu-tools-for-stm32.12.3.rel1.win32_1.0.200.202406191623/tools/bin/../lib/gcc/arm-none-eabi/12.3.1/../../../../arm-none-eabi/lib/thumb/v7e-m+fp/hard\libc_nano.a(libc_a-lock.o)
                0x08004682                __retarget_lock_acquire_recursive
 .text.__retarget_lock_release_recursive
                0x08004684        0x2 C:/CubeIDE/STM32CubeIDE_1.16.1/STM32CubeIDE/plugins/com.st.stm32cube.ide.mcu.externaltools.gnu-tools-for-stm32.12.3.rel1.win32_1.0.200.202406191623/tools/bin/../lib/gcc/arm-none-eabi/12.3.1/../../../../arm-none-eabi/lib/thumb/v7e-m+fp/hard\libc_nano.a(libc_a-lock.o)
                0x08004684                __retarget_lock_release_recursive
 *fill*         0x08004686        0x2 
 .text._free_r  0x08004688       0x94 C:/CubeIDE/STM32CubeIDE_1.16.1/STM32CubeIDE/plugins/com.st.stm32cube.ide.mcu.externaltools.gnu-tools-for-stm32.12.3.rel1.win32_1.0.200.202406191623/tools/bin/../lib/gcc/arm-none-eabi/12.3.1/../../../../arm-none-eabi/lib/thumb/v7e-m+fp/hard\libc_nano.a(libc_a-freer.o)
                0x08004688                _free_r
 .text.sbrk_aligned
                0x0800471c       0x44 C:/CubeIDE/STM32CubeIDE_1.16.1/STM32CubeIDE/plugins/com.st.stm32cube.ide.mcu.externaltools.gnu-tools-for-stm32.12.3.rel1.win32_1.0.200.202406191623/tools/bin/../lib/gcc/arm-none-eabi/12.3.1/../../../../arm-none-eabi/lib/thumb/v7e-m+fp/hard\libc_nano.a(libc_a-mallocr.o)
 .text._malloc_r
                0x08004760      0x100 C:/CubeIDE/STM32CubeIDE_1.16.1/STM32CubeIDE/plugins/com.st.stm32cube.ide.mcu.externaltools.gnu-tools-for-stm32.12.3.rel1.win32_1.0.200.202406191623/tools/bin/../lib/gcc/arm-none-eabi/12.3.1/../../../../arm-none-eabi/lib/thumb/v7e-m+fp/hard\libc_nano.a(libc_a-mallocr.o)
                0x08004760                _malloc_r
 .text.__malloc_lock
                0x08004860        0xc C:/CubeIDE/STM32CubeIDE_1.16.1/STM32CubeIDE/plugins/com.st.stm32cube.ide.mcu.externaltools.gnu-tools-for-stm32.12.3.rel1.win32_1.0.200.202406191623/tools/bin/../lib/gcc/arm-none-eabi/12.3.1/../../../../arm-none-eabi/lib/thumb/v7e-m+fp/hard\libc_nano.a(libc_a-mlock.o)
                0x08004860                __malloc_lock
 .text.__malloc_unlock
                0x0800486c        0xc C:/CubeIDE/STM32CubeIDE_1.16.1/STM32CubeIDE/plugins/com.st.stm32cube.ide.mcu.externaltools.gnu-tools-for-stm32.12.3.rel1.win32_1.0.200.202406191623/tools/bin/../lib/gcc/arm-none-eabi/12.3.1/../../../../arm-none-eabi/lib/thumb/v7e-m+fp/hard\libc_nano.a(libc_a-mlock.o)
                0x0800486c                __malloc_unlock
 .text.__sfputc_r
                0x08004878       0x2e C:/CubeIDE/STM32CubeIDE_1.16.1/STM32CubeIDE/plugins/com.st.stm32cube.ide.mcu.externaltools.gnu-tools-for-stm32.12.3.rel1.win32_1.0.200.202406191623/tools/bin/../lib/gcc/arm-none-eabi/12.3.1/../../../../arm-none-eabi/lib/thumb/v7e-m+fp/hard\libc_nano.a(libc_a-nano-vfprintf.o)
 .text.__sfputs_r
                0x080048a6       0x24 C:/CubeIDE/STM32CubeIDE_1.16.1/STM32CubeIDE/plugins/com.st.stm32cube.ide.mcu.externaltools.gnu-tools-for-stm32.12.3.rel1.win32_1.0.200.202406191623/tools/bin/../lib/gcc/arm-none-eabi/12.3.1/../../../../arm-none-eabi/lib/thumb/v7e-m+fp/hard\libc_nano.a(libc_a-nano-vfprintf.o)
                0x080048a6                __sfputs_r
 *fill*         0x080048ca        0x2 
 .text._vfprintf_r
                0x080048cc      0x230 C:/CubeIDE/STM32CubeIDE_1.16.1/STM32CubeIDE/plugins/com.st.stm32cube.ide.mcu.externaltools.gnu-tools-for-stm32.12.3.rel1.win32_1.0.200.202406191623/tools/bin/../lib/gcc/arm-none-eabi/12.3.1/../../../../arm-none-eabi/lib/thumb/v7e-m+fp/hard\libc_nano.a(libc_a-nano-vfprintf.o)
                0x080048cc                _vfprintf_r
                0x080048cc                _vfiprintf_r
 .text._printf_common
                0x08004afc       0xda C:/CubeIDE/STM32CubeIDE_1.16.1/STM32CubeIDE/plugins/com.st.stm32cube.ide.mcu.externaltools.gnu-tools-for-stm32.12.3.rel1.win32_1.0.200.202406191623/tools/bin/../lib/gcc/arm-none-eabi/12.3.1/../../../../arm-none-eabi/lib/thumb/v7e-m+fp/hard\libc_nano.a(libc_a-nano-vfprintf_i.o)
                0x08004afc                _printf_common
 *fill*         0x08004bd6        0x2 
 .text._printf_i
                0x08004bd8      0x240 C:/CubeIDE/STM32CubeIDE_1.16.1/STM32CubeIDE/plugins/com.st.stm32cube.ide.mcu.externaltools.gnu-tools-for-stm32.12.3.rel1.win32_1.0.200.202406191623/tools/bin/../lib/gcc/arm-none-eabi/12.3.1/../../../../arm-none-eabi/lib/thumb/v7e-m+fp/hard\libc_nano.a(libc_a-nano-vfprintf_i.o)
                0x08004bd8                _printf_i
 .text.__sflush_r
                0x08004e18      0x108 C:/CubeIDE/STM32CubeIDE_1.16.1/STM32CubeIDE/plugins/com.st.stm32cube.ide.mcu.externaltools.gnu-tools-for-stm32.12.3.rel1.win32_1.0.200.202406191623/tools/bin/../lib/gcc/arm-none-eabi/12.3.1/../../../../arm-none-eabi/lib/thumb/v7e-m+fp/hard\libc_nano.a(libc_a-fflush.o)
                0x08004e18                __sflush_r
 .text._fflush_r
                0x08004f20       0x50 C:/CubeIDE/STM32CubeIDE_1.16.1/STM32CubeIDE/plugins/com.st.stm32cube.ide.mcu.externaltools.gnu-tools-for-stm32.12.3.rel1.win32_1.0.200.202406191623/tools/bin/../lib/gcc/arm-none-eabi/12.3.1/../../../../arm-none-eabi/lib/thumb/v7e-m+fp/hard\libc_nano.a(libc_a-fflush.o)
                0x08004f20                _fflush_r
 .text.__swbuf_r
                0x08004f70       0x7c C:/CubeIDE/STM32CubeIDE_1.16.1/STM32CubeIDE/plugins/com.st.stm32cube.ide.mcu.externaltools.gnu-tools-for-stm32.12.3.rel1.win32_1.0.200.202406191623/tools/bin/../lib/gcc/arm-none-eabi/12.3.1/../../../../arm-none-eabi/lib/thumb/v7e-m+fp/hard\libc_nano.a(libc_a-wbuf.o)
                0x08004f70                __swbuf_r
 .text.__swsetup_r
                0x08004fec       0xac C:/CubeIDE/STM32CubeIDE_1.16.1/STM32CubeIDE/plugins/com.st.stm32cube.ide.mcu.externaltools.gnu-tools-for-stm32.12.3.rel1.win32_1.0.200.202406191623/tools/bin/../lib/gcc/arm-none-eabi/12.3.1/../../../../arm-none-eabi/lib/thumb/v7e-m+fp/hard\libc_nano.a(libc_a-wsetup.o)
                0x08004fec                __swsetup_r
 .text._sbrk_r  0x08005098       0x20 C:/CubeIDE/STM32CubeIDE_1.16.1/STM32CubeIDE/plugins/com.st.stm32cube.ide.mcu.externaltools.gnu-tools-for-stm32.12.3.rel1.win32_1.0.200.202406191623/tools/bin/../lib/gcc/arm-none-eabi/12.3.1/../../../../arm-none-eabi/lib/thumb/v7e-m+fp/hard\libc_nano.a(libc_a-sbrkr.o)
                0x08005098                _sbrk_r
 .text.__swhatbuf_r
                0x080050b8       0x4c C:/CubeIDE/STM32CubeIDE_1.16.1/STM32CubeIDE/plugins/com.st.stm32cube.ide.mcu.externaltools.gnu-tools-for-stm32.12.3.rel1.win32_1.0.200.202406191623/tools/bin/../lib/gcc/arm-none-eabi/12.3.1/../../../../arm-none-eabi/lib/thumb/v7e-m+fp/hard\libc_nano.a(libc_a-makebuf.o)
                0x080050b8                __swhatbuf_r
 .text.__smakebuf_r
                0x08005104       0x78 C:/CubeIDE/STM32CubeIDE_1.16.1/STM32CubeIDE/plugins/com.st.stm32cube.ide.mcu.externaltools.gnu-tools-for-stm32.12.3.rel1.win32_1.0.200.202406191623/tools/bin/../lib/gcc/arm-none-eabi/12.3.1/../../../../arm-none-eabi/lib/thumb/v7e-m+fp/hard\libc_nano.a(libc_a-makebuf.o)
                0x08005104                __smakebuf_r
 .text._fstat_r
                0x0800517c       0x24 C:/CubeIDE/STM32CubeIDE_1.16.1/STM32CubeIDE/plugins/com.st.stm32cube.ide.mcu.externaltools.gnu-tools-for-stm32.12.3.rel1.win32_1.0.200.202406191623/tools/bin/../lib/gcc/arm-none-eabi/12.3.1/../../../../arm-none-eabi/lib/thumb/v7e-m+fp/hard\libc_nano.a(libc_a-fstatr.o)
                0x0800517c                _fstat_r
 .text._isatty_r
                0x080051a0       0x20 C:/CubeIDE/STM32CubeIDE_1.16.1/STM32CubeIDE/plugins/com.st.stm32cube.ide.mcu.externaltools.gnu-tools-for-stm32.12.3.rel1.win32_1.0.200.202406191623/tools/bin/../lib/gcc/arm-none-eabi/12.3.1/../../../../arm-none-eabi/lib/thumb/v7e-m+fp/hard\libc_nano.a(libc_a-isattyr.o)
                0x080051a0                _isatty_r
 *(.glue_7)
 .glue_7        0x080051c0        0x0 linker stubs
 *(.glue_7t)
 .glue_7t       0x080051c0        0x0 linker stubs
 *(.eh_frame)
 .eh_frame      0x080051c0        0x0 C:/CubeIDE/STM32CubeIDE_1.16.1/STM32CubeIDE/plugins/com.st.stm32cube.ide.mcu.externaltools.gnu-tools-for-stm32.12.3.rel1.win32_1.0.200.202406191623/tools/bin/../lib/gcc/arm-none-eabi/12.3.1/thumb/v7e-m+fp/hard/crtbegin.o
 *(.init)
 .init          0x080051c0        0x4 C:/CubeIDE/STM32CubeIDE_1.16.1/STM32CubeIDE/plugins/com.st.stm32cube.ide.mcu.externaltools.gnu-tools-for-stm32.12.3.rel1.win32_1.0.200.202406191623/tools/bin/../lib/gcc/arm-none-eabi/12.3.1/thumb/v7e-m+fp/hard/crti.o
                0x080051c0                _init
 .init          0x080051c4        0x8 C:/CubeIDE/STM32CubeIDE_1.16.1/STM32CubeIDE/plugins/com.st.stm32cube.ide.mcu.externaltools.gnu-tools-for-stm32.12.3.rel1.win32_1.0.200.202406191623/tools/bin/../lib/gcc/arm-none-eabi/12.3.1/thumb/v7e-m+fp/hard/crtn.o
 *(.fini)
 .fini          0x080051cc        0x4 C:/CubeIDE/STM32CubeIDE_1.16.1/STM32CubeIDE/plugins/com.st.stm32cube.ide.mcu.externaltools.gnu-tools-for-stm32.12.3.rel1.win32_1.0.200.202406191623/tools/bin/../lib/gcc/arm-none-eabi/12.3.1/thumb/v7e-m+fp/hard/crti.o
                0x080051cc                _fini
 .fini          0x080051d0        0x8 C:/CubeIDE/STM32CubeIDE_1.16.1/STM32CubeIDE/plugins/com.st.stm32cube.ide.mcu.externaltools.gnu-tools-for-stm32.12.3.rel1.win32_1.0.200.202406191623/tools/bin/../lib/gcc/arm-none-eabi/12.3.1/thumb/v7e-m+fp/hard/crtn.o
                0x080051d8                        . = ALIGN (0x4)
                0x080051d8                        _etext = .

.vfp11_veneer   0x080051d8        0x0
 .vfp11_veneer  0x080051d8        0x0 linker stubs

.v4_bx          0x080051d8        0x0
 .v4_bx         0x080051d8        0x0 linker stubs

.iplt           0x080051d8        0x0
 .iplt          0x080051d8        0x0 C:/CubeIDE/STM32CubeIDE_1.16.1/STM32CubeIDE/plugins/com.st.stm32cube.ide.mcu.externaltools.gnu-tools-for-stm32.12.3.rel1.win32_1.0.200.202406191623/tools/bin/../lib/gcc/arm-none-eabi/12.3.1/thumb/v7e-m+fp/hard/crtbegin.o

.rodata         0x080051d8       0x70
                0x080051d8                        . = ALIGN (0x4)
 *(.rodata)
 .rodata        0x080051d8       0x1c ./Lib/Src/ADC_VOLTAGE.o
 *(.rodata*)
 .rodata.AHBPrescTable
                0x080051f4       0x10 ./Core/Src/system_stm32f4xx.o
                0x080051f4                AHBPrescTable
 .rodata.APBPrescTable
                0x08005204        0x8 ./Core/Src/system_stm32f4xx.o
                0x08005204                APBPrescTable
 .rodata.flagBitshiftOffset.0
                0x0800520c        0x8 ./Drivers/STM32F4xx_HAL_Driver/Src/stm32f4xx_hal_dma.o
 .rodata._vfprintf_r.str1.1
                0x08005214       0x11 C:/CubeIDE/STM32CubeIDE_1.16.1/STM32CubeIDE/plugins/com.st.stm32cube.ide.mcu.externaltools.gnu-tools-for-stm32.12.3.rel1.win32_1.0.200.202406191623/tools/bin/../lib/gcc/arm-none-eabi/12.3.1/../../../../arm-none-eabi/lib/thumb/v7e-m+fp/hard\libc_nano.a(libc_a-nano-vfprintf.o)
 .rodata._printf_i.str1.1
                0x08005225       0x22 C:/CubeIDE/STM32CubeIDE_1.16.1/STM32CubeIDE/plugins/com.st.stm32cube.ide.mcu.externaltools.gnu-tools-for-stm32.12.3.rel1.win32_1.0.200.202406191623/tools/bin/../lib/gcc/arm-none-eabi/12.3.1/../../../../arm-none-eabi/lib/thumb/v7e-m+fp/hard\libc_nano.a(libc_a-nano-vfprintf_i.o)
                0x08005248                        . = ALIGN (0x4)
 *fill*         0x08005247        0x1 

.ARM.extab      0x08005248        0x0
                0x08005248                        . = ALIGN (0x4)
 *(.ARM.extab* .gnu.linkonce.armextab.*)
                0x08005248                        . = ALIGN (0x4)

.ARM            0x08005248        0x8
                0x08005248                        . = ALIGN (0x4)
                0x08005248                        __exidx_start = .
 *(.ARM.exidx*)
 .ARM.exidx     0x08005248        0x8 C:/CubeIDE/STM32CubeIDE_1.16.1/STM32CubeIDE/plugins/com.st.stm32cube.ide.mcu.externaltools.gnu-tools-for-stm32.12.3.rel1.win32_1.0.200.202406191623/tools/bin/../lib/gcc/arm-none-eabi/12.3.1/../../../../arm-none-eabi/lib/thumb/v7e-m+fp/hard\libc_nano.a(libc_a-memchr.o)
 .ARM.exidx     0x08005250        0x0 C:/CubeIDE/STM32CubeIDE_1.16.1/STM32CubeIDE/plugins/com.st.stm32cube.ide.mcu.externaltools.gnu-tools-for-stm32.12.3.rel1.win32_1.0.200.202406191623/tools/bin/../lib/gcc/arm-none-eabi/12.3.1/thumb/v7e-m+fp/hard\libgcc.a(_udivmoddi4.o)
                                  0x8 (size before relaxing)
                0x08005250                        __exidx_end = .
                0x08005250                        . = ALIGN (0x4)

.preinit_array  0x08005250        0x0
                0x08005250                        . = ALIGN (0x4)
                0x08005250                        PROVIDE (__preinit_array_start = .)
 *(.preinit_array*)
                0x08005250                        PROVIDE (__preinit_array_end = .)
                0x08005250                        . = ALIGN (0x4)

.init_array     0x08005250        0x4
                0x08005250                        . = ALIGN (0x4)
                0x08005250                        PROVIDE (__init_array_start = .)
 *(SORT_BY_NAME(.init_array.*))
 *(.init_array*)
 .init_array    0x08005250        0x4 C:/CubeIDE/STM32CubeIDE_1.16.1/STM32CubeIDE/plugins/com.st.stm32cube.ide.mcu.externaltools.gnu-tools-for-stm32.12.3.rel1.win32_1.0.200.202406191623/tools/bin/../lib/gcc/arm-none-eabi/12.3.1/thumb/v7e-m+fp/hard/crtbegin.o
                0x08005254                        PROVIDE (__init_array_end = .)
                0x08005254                        . = ALIGN (0x4)

.fini_array     0x08005254        0x4
                0x08005254                        . = ALIGN (0x4)
                [!provide]                        PROVIDE (__fini_array_start = .)
 *(SORT_BY_NAME(.fini_array.*))
 *(.fini_array*)
 .fini_array    0x08005254        0x4 C:/CubeIDE/STM32CubeIDE_1.16.1/STM32CubeIDE/plugins/com.st.stm32cube.ide.mcu.externaltools.gnu-tools-for-stm32.12.3.rel1.win32_1.0.200.202406191623/tools/bin/../lib/gcc/arm-none-eabi/12.3.1/thumb/v7e-m+fp/hard/crtbegin.o
                [!provide]                        PROVIDE (__fini_array_end = .)
                0x08005258                        . = ALIGN (0x4)
                0x08005258                        _sidata = LOADADDR (.data)

.rel.dyn        0x08005258        0x0
 .rel.iplt      0x08005258        0x0 C:/CubeIDE/STM32CubeIDE_1.16.1/STM32CubeIDE/plugins/com.st.stm32cube.ide.mcu.externaltools.gnu-tools-for-stm32.12.3.rel1.win32_1.0.200.202406191623/tools/bin/../lib/gcc/arm-none-eabi/12.3.1/thumb/v7e-m+fp/hard/crtbegin.o

.data           0x20000000       0x68 load address 0x08005258
                0x20000000                        . = ALIGN (0x4)
                0x20000000                        _sdata = .
 *(.data)
 *(.data*)
 .data.SystemCoreClock
                0x20000000        0x4 ./Core/Src/system_stm32f4xx.o
                0x20000000                SystemCoreClock
 .data.uwTickPrio
                0x20000004        0x4 ./Drivers/STM32F4xx_HAL_Driver/Src/stm32f4xx_hal.o
                0x20000004                uwTickPrio
 .data.uwTickFreq
                0x20000008        0x1 ./Drivers/STM32F4xx_HAL_Driver/Src/stm32f4xx_hal.o
                0x20000008                uwTickFreq
 *fill*         0x20000009        0x3 
 .data.__sglue  0x2000000c        0xc C:/CubeIDE/STM32CubeIDE_1.16.1/STM32CubeIDE/plugins/com.st.stm32cube.ide.mcu.externaltools.gnu-tools-for-stm32.12.3.rel1.win32_1.0.200.202406191623/tools/bin/../lib/gcc/arm-none-eabi/12.3.1/../../../../arm-none-eabi/lib/thumb/v7e-m+fp/hard\libc_nano.a(libc_a-findfp.o)
                0x2000000c                __sglue
 .data._impure_ptr
                0x20000018        0x4 C:/CubeIDE/STM32CubeIDE_1.16.1/STM32CubeIDE/plugins/com.st.stm32cube.ide.mcu.externaltools.gnu-tools-for-stm32.12.3.rel1.win32_1.0.200.202406191623/tools/bin/../lib/gcc/arm-none-eabi/12.3.1/../../../../arm-none-eabi/lib/thumb/v7e-m+fp/hard\libc_nano.a(libc_a-impure.o)
                0x20000018                _impure_ptr
 .data._impure_data
                0x2000001c       0x4c C:/CubeIDE/STM32CubeIDE_1.16.1/STM32CubeIDE/plugins/com.st.stm32cube.ide.mcu.externaltools.gnu-tools-for-stm32.12.3.rel1.win32_1.0.200.202406191623/tools/bin/../lib/gcc/arm-none-eabi/12.3.1/../../../../arm-none-eabi/lib/thumb/v7e-m+fp/hard\libc_nano.a(libc_a-impure.o)
                0x2000001c                _impure_data
 *(.RamFunc)
 *(.RamFunc*)
                0x20000068                        . = ALIGN (0x4)
                0x20000068                        _edata = .
                0x080052c0                        _siccmram = LOADADDR (.ccmram)

.igot.plt       0x20000068        0x0 load address 0x080052c0
 .igot.plt      0x20000068        0x0 C:/CubeIDE/STM32CubeIDE_1.16.1/STM32CubeIDE/plugins/com.st.stm32cube.ide.mcu.externaltools.gnu-tools-for-stm32.12.3.rel1.win32_1.0.200.202406191623/tools/bin/../lib/gcc/arm-none-eabi/12.3.1/thumb/v7e-m+fp/hard/crtbegin.o

.ccmram         0x10000000        0x0 load address 0x080052c0
                0x10000000                        . = ALIGN (0x4)
                0x10000000                        _sccmram = .
 *(.ccmram)
 *(.ccmram*)
                0x10000000                        . = ALIGN (0x4)
                0x10000000                        _eccmram = .
                0x10000000                        . = ALIGN (0x4)

.bss            0x20000068      0x2f4
                0x20000068                        _sbss = .
                0x20000068                        __bss_start__ = _sbss
 *(.bss)
 .bss           0x20000068       0x1c C:/CubeIDE/STM32CubeIDE_1.16.1/STM32CubeIDE/plugins/com.st.stm32cube.ide.mcu.externaltools.gnu-tools-for-stm32.12.3.rel1.win32_1.0.200.202406191623/tools/bin/../lib/gcc/arm-none-eabi/12.3.1/thumb/v7e-m+fp/hard/crtbegin.o
 *(.bss*)
 .bss.hadc1     0x20000084       0x48 ./Core/Src/adc.o
                0x20000084                hadc1
 .bss.hdma_adc1
                0x200000cc       0x60 ./Core/Src/adc.o
                0x200000cc                hdma_adc1
 .bss.ADC_VOLTAGE_VALUE
                0x2000012c        0x2 ./Core/Src/main.o
                0x2000012c                ADC_VOLTAGE_VALUE
 *fill*         0x2000012e        0x2 
 .bss.__sbrk_heap_end
                0x20000130        0x4 ./Core/Src/sysmem.o
 .bss.htim3     0x20000134       0x48 ./Core/Src/tim.o
                0x20000134                htim3
 .bss.htim5     0x2000017c       0x48 ./Core/Src/tim.o
                0x2000017c                htim5
 .bss.huart1    0x200001c4       0x48 ./Core/Src/usart.o
                0x200001c4                huart1
 .bss.uwTick    0x2000020c        0x4 ./Drivers/STM32F4xx_HAL_Driver/Src/stm32f4xx_hal.o
                0x2000020c                uwTick
 .bss.__sf      0x20000210      0x138 C:/CubeIDE/STM32CubeIDE_1.16.1/STM32CubeIDE/plugins/com.st.stm32cube.ide.mcu.externaltools.gnu-tools-for-stm32.12.3.rel1.win32_1.0.200.202406191623/tools/bin/../lib/gcc/arm-none-eabi/12.3.1/../../../../arm-none-eabi/lib/thumb/v7e-m+fp/hard\libc_nano.a(libc_a-findfp.o)
                0x20000210                __sf
 .bss.__stdio_exit_handler
                0x20000348        0x4 C:/CubeIDE/STM32CubeIDE_1.16.1/STM32CubeIDE/plugins/com.st.stm32cube.ide.mcu.externaltools.gnu-tools-for-stm32.12.3.rel1.win32_1.0.200.202406191623/tools/bin/../lib/gcc/arm-none-eabi/12.3.1/../../../../arm-none-eabi/lib/thumb/v7e-m+fp/hard\libc_nano.a(libc_a-findfp.o)
                0x20000348                __stdio_exit_handler
 .bss.errno     0x2000034c        0x4 C:/CubeIDE/STM32CubeIDE_1.16.1/STM32CubeIDE/plugins/com.st.stm32cube.ide.mcu.externaltools.gnu-tools-for-stm32.12.3.rel1.win32_1.0.200.202406191623/tools/bin/../lib/gcc/arm-none-eabi/12.3.1/../../../../arm-none-eabi/lib/thumb/v7e-m+fp/hard\libc_nano.a(libc_a-reent.o)
                0x2000034c                errno
 .bss.__lock___malloc_recursive_mutex
                0x20000350        0x1 C:/CubeIDE/STM32CubeIDE_1.16.1/STM32CubeIDE/plugins/com.st.stm32cube.ide.mcu.externaltools.gnu-tools-for-stm32.12.3.rel1.win32_1.0.200.202406191623/tools/bin/../lib/gcc/arm-none-eabi/12.3.1/../../../../arm-none-eabi/lib/thumb/v7e-m+fp/hard\libc_nano.a(libc_a-lock.o)
                0x20000350                __lock___malloc_recursive_mutex
 .bss.__lock___sfp_recursive_mutex
                0x20000351        0x1 C:/CubeIDE/STM32CubeIDE_1.16.1/STM32CubeIDE/plugins/com.st.stm32cube.ide.mcu.externaltools.gnu-tools-for-stm32.12.3.rel1.win32_1.0.200.202406191623/tools/bin/../lib/gcc/arm-none-eabi/12.3.1/../../../../arm-none-eabi/lib/thumb/v7e-m+fp/hard\libc_nano.a(libc_a-lock.o)
                0x20000351                __lock___sfp_recursive_mutex
 *fill*         0x20000352        0x2 
 .bss.__malloc_sbrk_start
                0x20000354        0x4 C:/CubeIDE/STM32CubeIDE_1.16.1/STM32CubeIDE/plugins/com.st.stm32cube.ide.mcu.externaltools.gnu-tools-for-stm32.12.3.rel1.win32_1.0.200.202406191623/tools/bin/../lib/gcc/arm-none-eabi/12.3.1/../../../../arm-none-eabi/lib/thumb/v7e-m+fp/hard\libc_nano.a(libc_a-mallocr.o)
                0x20000354                __malloc_sbrk_start
 .bss.__malloc_free_list
                0x20000358        0x4 C:/CubeIDE/STM32CubeIDE_1.16.1/STM32CubeIDE/plugins/com.st.stm32cube.ide.mcu.externaltools.gnu-tools-for-stm32.12.3.rel1.win32_1.0.200.202406191623/tools/bin/../lib/gcc/arm-none-eabi/12.3.1/../../../../arm-none-eabi/lib/thumb/v7e-m+fp/hard\libc_nano.a(libc_a-mallocr.o)
                0x20000358                __malloc_free_list
 *(COMMON)
                0x2000035c                        . = ALIGN (0x4)
                0x2000035c                        _ebss = .
                0x2000035c                        __bss_end__ = _ebss

._user_heap_stack
                0x2000035c      0x604
                0x20000360                        . = ALIGN (0x8)
 *fill*         0x2000035c        0x4 
                [!provide]                        PROVIDE (end = .)
                0x20000360                        PROVIDE (_end = .)
                0x20000560                        . = (. + _Min_Heap_Size)
 *fill*         0x20000360      0x200 
                0x20000960                        . = (. + _Min_Stack_Size)
 *fill*         0x20000560      0x400 
                0x20000960                        . = ALIGN (0x8)

/DISCARD/
 libc.a(*)
 libm.a(*)
 libgcc.a(*)

.ARM.attributes
                0x00000000       0x30
 *(.ARM.attributes)
 .ARM.attributes
                0x00000000       0x22 C:/CubeIDE/STM32CubeIDE_1.16.1/STM32CubeIDE/plugins/com.st.stm32cube.ide.mcu.externaltools.gnu-tools-for-stm32.12.3.rel1.win32_1.0.200.202406191623/tools/bin/../lib/gcc/arm-none-eabi/12.3.1/thumb/v7e-m+fp/hard/crti.o
 .ARM.attributes
                0x00000022       0x34 C:/CubeIDE/STM32CubeIDE_1.16.1/STM32CubeIDE/plugins/com.st.stm32cube.ide.mcu.externaltools.gnu-tools-for-stm32.12.3.rel1.win32_1.0.200.202406191623/tools/bin/../lib/gcc/arm-none-eabi/12.3.1/thumb/v7e-m+fp/hard/crtbegin.o
 .ARM.attributes
                0x00000056       0x34 ./App/Src/System.o
 .ARM.attributes
                0x0000008a       0x34 ./Core/Src/adc.o
 .ARM.attributes
                0x000000be       0x34 ./Core/Src/dma.o
 .ARM.attributes
                0x000000f2       0x34 ./Core/Src/gpio.o
 .ARM.attributes
                0x00000126       0x34 ./Core/Src/main.o
 .ARM.attributes
                0x0000015a       0x34 ./Core/Src/stm32f4xx_hal_msp.o
 .ARM.attributes
                0x0000018e       0x34 ./Core/Src/stm32f4xx_it.o
 .ARM.attributes
                0x000001c2       0x34 ./Core/Src/syscalls.o
 .ARM.attributes
                0x000001f6       0x34 ./Core/Src/sysmem.o
 .ARM.attributes
                0x0000022a       0x34 ./Core/Src/system_stm32f4xx.o
 .ARM.attributes
                0x0000025e       0x34 ./Core/Src/tim.o
 .ARM.attributes
                0x00000292       0x34 ./Core/Src/usart.o
 .ARM.attributes
                0x000002c6       0x21 ./Core/Startup/startup_stm32f407zetx.o
 .ARM.attributes
                0x000002e7       0x34 ./Drivers/STM32F4xx_HAL_Driver/Src/stm32f4xx_hal.o
 .ARM.attributes
                0x0000031b       0x34 ./Drivers/STM32F4xx_HAL_Driver/Src/stm32f4xx_hal_adc.o
 .ARM.attributes
                0x0000034f       0x34 ./Drivers/STM32F4xx_HAL_Driver/Src/stm32f4xx_hal_cortex.o
 .ARM.attributes
                0x00000383       0x34 ./Drivers/STM32F4xx_HAL_Driver/Src/stm32f4xx_hal_dma.o
 .ARM.attributes
                0x000003b7       0x34 ./Drivers/STM32F4xx_HAL_Driver/Src/stm32f4xx_hal_gpio.o
 .ARM.attributes
                0x000003eb       0x34 ./Drivers/STM32F4xx_HAL_Driver/Src/stm32f4xx_hal_rcc.o
 .ARM.attributes
                0x0000041f       0x34 ./Drivers/STM32F4xx_HAL_Driver/Src/stm32f4xx_hal_tim.o
 .ARM.attributes
                0x00000453       0x34 ./Drivers/STM32F4xx_HAL_Driver/Src/stm32f4xx_hal_tim_ex.o
 .ARM.attributes
                0x00000487       0x34 ./Drivers/STM32F4xx_HAL_Driver/Src/stm32f4xx_hal_uart.o
 .ARM.attributes
                0x000004bb       0x34 ./Lib/Src/ADC_VOLTAGE.o
 .ARM.attributes
                0x000004ef       0x34 C:/CubeIDE/STM32CubeIDE_1.16.1/STM32CubeIDE/plugins/com.st.stm32cube.ide.mcu.externaltools.gnu-tools-for-stm32.12.3.rel1.win32_1.0.200.202406191623/tools/bin/../lib/gcc/arm-none-eabi/12.3.1/../../../../arm-none-eabi/lib/thumb/v7e-m+fp/hard\libc_nano.a(libc_a-findfp.o)
 .ARM.attributes
                0x00000523       0x34 C:/CubeIDE/STM32CubeIDE_1.16.1/STM32CubeIDE/plugins/com.st.stm32cube.ide.mcu.externaltools.gnu-tools-for-stm32.12.3.rel1.win32_1.0.200.202406191623/tools/bin/../lib/gcc/arm-none-eabi/12.3.1/../../../../arm-none-eabi/lib/thumb/v7e-m+fp/hard\libc_nano.a(libc_a-fwalk.o)
 .ARM.attributes
                0x00000557       0x34 C:/CubeIDE/STM32CubeIDE_1.16.1/STM32CubeIDE/plugins/com.st.stm32cube.ide.mcu.externaltools.gnu-tools-for-stm32.12.3.rel1.win32_1.0.200.202406191623/tools/bin/../lib/gcc/arm-none-eabi/12.3.1/../../../../arm-none-eabi/lib/thumb/v7e-m+fp/hard\libc_nano.a(libc_a-printf.o)
 .ARM.attributes
                0x0000058b       0x34 C:/CubeIDE/STM32CubeIDE_1.16.1/STM32CubeIDE/plugins/com.st.stm32cube.ide.mcu.externaltools.gnu-tools-for-stm32.12.3.rel1.win32_1.0.200.202406191623/tools/bin/../lib/gcc/arm-none-eabi/12.3.1/../../../../arm-none-eabi/lib/thumb/v7e-m+fp/hard\libc_nano.a(libc_a-stdio.o)
 .ARM.attributes
                0x000005bf       0x34 C:/CubeIDE/STM32CubeIDE_1.16.1/STM32CubeIDE/plugins/com.st.stm32cube.ide.mcu.externaltools.gnu-tools-for-stm32.12.3.rel1.win32_1.0.200.202406191623/tools/bin/../lib/gcc/arm-none-eabi/12.3.1/../../../../arm-none-eabi/lib/thumb/v7e-m+fp/hard\libc_nano.a(libc_a-memset.o)
 .ARM.attributes
                0x000005f3       0x34 C:/CubeIDE/STM32CubeIDE_1.16.1/STM32CubeIDE/plugins/com.st.stm32cube.ide.mcu.externaltools.gnu-tools-for-stm32.12.3.rel1.win32_1.0.200.202406191623/tools/bin/../lib/gcc/arm-none-eabi/12.3.1/../../../../arm-none-eabi/lib/thumb/v7e-m+fp/hard\libc_nano.a(libc_a-closer.o)
 .ARM.attributes
                0x00000627       0x34 C:/CubeIDE/STM32CubeIDE_1.16.1/STM32CubeIDE/plugins/com.st.stm32cube.ide.mcu.externaltools.gnu-tools-for-stm32.12.3.rel1.win32_1.0.200.202406191623/tools/bin/../lib/gcc/arm-none-eabi/12.3.1/../../../../arm-none-eabi/lib/thumb/v7e-m+fp/hard\libc_nano.a(libc_a-reent.o)
 .ARM.attributes
                0x0000065b       0x34 C:/CubeIDE/STM32CubeIDE_1.16.1/STM32CubeIDE/plugins/com.st.stm32cube.ide.mcu.externaltools.gnu-tools-for-stm32.12.3.rel1.win32_1.0.200.202406191623/tools/bin/../lib/gcc/arm-none-eabi/12.3.1/../../../../arm-none-eabi/lib/thumb/v7e-m+fp/hard\libc_nano.a(libc_a-impure.o)
 .ARM.attributes
                0x0000068f       0x34 C:/CubeIDE/STM32CubeIDE_1.16.1/STM32CubeIDE/plugins/com.st.stm32cube.ide.mcu.externaltools.gnu-tools-for-stm32.12.3.rel1.win32_1.0.200.202406191623/tools/bin/../lib/gcc/arm-none-eabi/12.3.1/../../../../arm-none-eabi/lib/thumb/v7e-m+fp/hard\libc_nano.a(libc_a-lseekr.o)
 .ARM.attributes
                0x000006c3       0x34 C:/CubeIDE/STM32CubeIDE_1.16.1/STM32CubeIDE/plugins/com.st.stm32cube.ide.mcu.externaltools.gnu-tools-for-stm32.12.3.rel1.win32_1.0.200.202406191623/tools/bin/../lib/gcc/arm-none-eabi/12.3.1/../../../../arm-none-eabi/lib/thumb/v7e-m+fp/hard\libc_nano.a(libc_a-readr.o)
 .ARM.attributes
                0x000006f7       0x34 C:/CubeIDE/STM32CubeIDE_1.16.1/STM32CubeIDE/plugins/com.st.stm32cube.ide.mcu.externaltools.gnu-tools-for-stm32.12.3.rel1.win32_1.0.200.202406191623/tools/bin/../lib/gcc/arm-none-eabi/12.3.1/../../../../arm-none-eabi/lib/thumb/v7e-m+fp/hard\libc_nano.a(libc_a-writer.o)
 .ARM.attributes
                0x0000072b       0x34 C:/CubeIDE/STM32CubeIDE_1.16.1/STM32CubeIDE/plugins/com.st.stm32cube.ide.mcu.externaltools.gnu-tools-for-stm32.12.3.rel1.win32_1.0.200.202406191623/tools/bin/../lib/gcc/arm-none-eabi/12.3.1/../../../../arm-none-eabi/lib/thumb/v7e-m+fp/hard\libc_nano.a(libc_a-errno.o)
 .ARM.attributes
                0x0000075f       0x34 C:/CubeIDE/STM32CubeIDE_1.16.1/STM32CubeIDE/plugins/com.st.stm32cube.ide.mcu.externaltools.gnu-tools-for-stm32.12.3.rel1.win32_1.0.200.202406191623/tools/bin/../lib/gcc/arm-none-eabi/12.3.1/../../../../arm-none-eabi/lib/thumb/v7e-m+fp/hard\libc_nano.a(libc_a-init.o)
 .ARM.attributes
                0x00000793       0x34 C:/CubeIDE/STM32CubeIDE_1.16.1/STM32CubeIDE/plugins/com.st.stm32cube.ide.mcu.externaltools.gnu-tools-for-stm32.12.3.rel1.win32_1.0.200.202406191623/tools/bin/../lib/gcc/arm-none-eabi/12.3.1/../../../../arm-none-eabi/lib/thumb/v7e-m+fp/hard\libc_nano.a(libc_a-lock.o)
 .ARM.attributes
                0x000007c7       0x34 C:/CubeIDE/STM32CubeIDE_1.16.1/STM32CubeIDE/plugins/com.st.stm32cube.ide.mcu.externaltools.gnu-tools-for-stm32.12.3.rel1.win32_1.0.200.202406191623/tools/bin/../lib/gcc/arm-none-eabi/12.3.1/../../../../arm-none-eabi/lib/thumb/v7e-m+fp/hard\libc_nano.a(libc_a-freer.o)
 .ARM.attributes
                0x000007fb       0x34 C:/CubeIDE/STM32CubeIDE_1.16.1/STM32CubeIDE/plugins/com.st.stm32cube.ide.mcu.externaltools.gnu-tools-for-stm32.12.3.rel1.win32_1.0.200.202406191623/tools/bin/../lib/gcc/arm-none-eabi/12.3.1/../../../../arm-none-eabi/lib/thumb/v7e-m+fp/hard\libc_nano.a(libc_a-mallocr.o)
 .ARM.attributes
                0x0000082f       0x34 C:/CubeIDE/STM32CubeIDE_1.16.1/STM32CubeIDE/plugins/com.st.stm32cube.ide.mcu.externaltools.gnu-tools-for-stm32.12.3.rel1.win32_1.0.200.202406191623/tools/bin/../lib/gcc/arm-none-eabi/12.3.1/../../../../arm-none-eabi/lib/thumb/v7e-m+fp/hard\libc_nano.a(libc_a-mlock.o)
 .ARM.attributes
                0x00000863       0x34 C:/CubeIDE/STM32CubeIDE_1.16.1/STM32CubeIDE/plugins/com.st.stm32cube.ide.mcu.externaltools.gnu-tools-for-stm32.12.3.rel1.win32_1.0.200.202406191623/tools/bin/../lib/gcc/arm-none-eabi/12.3.1/../../../../arm-none-eabi/lib/thumb/v7e-m+fp/hard\libc_nano.a(libc_a-nano-vfprintf.o)
 .ARM.attributes
                0x00000897       0x34 C:/CubeIDE/STM32CubeIDE_1.16.1/STM32CubeIDE/plugins/com.st.stm32cube.ide.mcu.externaltools.gnu-tools-for-stm32.12.3.rel1.win32_1.0.200.202406191623/tools/bin/../lib/gcc/arm-none-eabi/12.3.1/../../../../arm-none-eabi/lib/thumb/v7e-m+fp/hard\libc_nano.a(libc_a-nano-vfprintf_i.o)
 .ARM.attributes
                0x000008cb       0x34 C:/CubeIDE/STM32CubeIDE_1.16.1/STM32CubeIDE/plugins/com.st.stm32cube.ide.mcu.externaltools.gnu-tools-for-stm32.12.3.rel1.win32_1.0.200.202406191623/tools/bin/../lib/gcc/arm-none-eabi/12.3.1/../../../../arm-none-eabi/lib/thumb/v7e-m+fp/hard\libc_nano.a(libc_a-fflush.o)
 .ARM.attributes
                0x000008ff       0x34 C:/CubeIDE/STM32CubeIDE_1.16.1/STM32CubeIDE/plugins/com.st.stm32cube.ide.mcu.externaltools.gnu-tools-for-stm32.12.3.rel1.win32_1.0.200.202406191623/tools/bin/../lib/gcc/arm-none-eabi/12.3.1/../../../../arm-none-eabi/lib/thumb/v7e-m+fp/hard\libc_nano.a(libc_a-wbuf.o)
 .ARM.attributes
                0x00000933       0x34 C:/CubeIDE/STM32CubeIDE_1.16.1/STM32CubeIDE/plugins/com.st.stm32cube.ide.mcu.externaltools.gnu-tools-for-stm32.12.3.rel1.win32_1.0.200.202406191623/tools/bin/../lib/gcc/arm-none-eabi/12.3.1/../../../../arm-none-eabi/lib/thumb/v7e-m+fp/hard\libc_nano.a(libc_a-wsetup.o)
 .ARM.attributes
                0x00000967       0x34 C:/CubeIDE/STM32CubeIDE_1.16.1/STM32CubeIDE/plugins/com.st.stm32cube.ide.mcu.externaltools.gnu-tools-for-stm32.12.3.rel1.win32_1.0.200.202406191623/tools/bin/../lib/gcc/arm-none-eabi/12.3.1/../../../../arm-none-eabi/lib/thumb/v7e-m+fp/hard\libc_nano.a(libc_a-sbrkr.o)
 .ARM.attributes
                0x0000099b       0x1c C:/CubeIDE/STM32CubeIDE_1.16.1/STM32CubeIDE/plugins/com.st.stm32cube.ide.mcu.externaltools.gnu-tools-for-stm32.12.3.rel1.win32_1.0.200.202406191623/tools/bin/../lib/gcc/arm-none-eabi/12.3.1/../../../../arm-none-eabi/lib/thumb/v7e-m+fp/hard\libc_nano.a(libc_a-memchr.o)
 .ARM.attributes
                0x000009b7       0x34 C:/CubeIDE/STM32CubeIDE_1.16.1/STM32CubeIDE/plugins/com.st.stm32cube.ide.mcu.externaltools.gnu-tools-for-stm32.12.3.rel1.win32_1.0.200.202406191623/tools/bin/../lib/gcc/arm-none-eabi/12.3.1/../../../../arm-none-eabi/lib/thumb/v7e-m+fp/hard\libc_nano.a(libc_a-makebuf.o)
 .ARM.attributes
                0x000009eb       0x34 C:/CubeIDE/STM32CubeIDE_1.16.1/STM32CubeIDE/plugins/com.st.stm32cube.ide.mcu.externaltools.gnu-tools-for-stm32.12.3.rel1.win32_1.0.200.202406191623/tools/bin/../lib/gcc/arm-none-eabi/12.3.1/../../../../arm-none-eabi/lib/thumb/v7e-m+fp/hard\libc_nano.a(libc_a-fstatr.o)
 .ARM.attributes
                0x00000a1f       0x34 C:/CubeIDE/STM32CubeIDE_1.16.1/STM32CubeIDE/plugins/com.st.stm32cube.ide.mcu.externaltools.gnu-tools-for-stm32.12.3.rel1.win32_1.0.200.202406191623/tools/bin/../lib/gcc/arm-none-eabi/12.3.1/../../../../arm-none-eabi/lib/thumb/v7e-m+fp/hard\libc_nano.a(libc_a-isattyr.o)
 .ARM.attributes
                0x00000a53       0x22 C:/CubeIDE/STM32CubeIDE_1.16.1/STM32CubeIDE/plugins/com.st.stm32cube.ide.mcu.externaltools.gnu-tools-for-stm32.12.3.rel1.win32_1.0.200.202406191623/tools/bin/../lib/gcc/arm-none-eabi/12.3.1/thumb/v7e-m+fp/hard\libgcc.a(_aeabi_uldivmod.o)
 .ARM.attributes
                0x00000a75       0x34 C:/CubeIDE/STM32CubeIDE_1.16.1/STM32CubeIDE/plugins/com.st.stm32cube.ide.mcu.externaltools.gnu-tools-for-stm32.12.3.rel1.win32_1.0.200.202406191623/tools/bin/../lib/gcc/arm-none-eabi/12.3.1/thumb/v7e-m+fp/hard\libgcc.a(_udivmoddi4.o)
 .ARM.attributes
                0x00000aa9       0x22 C:/CubeIDE/STM32CubeIDE_1.16.1/STM32CubeIDE/plugins/com.st.stm32cube.ide.mcu.externaltools.gnu-tools-for-stm32.12.3.rel1.win32_1.0.200.202406191623/tools/bin/../lib/gcc/arm-none-eabi/12.3.1/thumb/v7e-m+fp/hard\libgcc.a(_dvmd_tls.o)
 .ARM.attributes
                0x00000acb       0x22 C:/CubeIDE/STM32CubeIDE_1.16.1/STM32CubeIDE/plugins/com.st.stm32cube.ide.mcu.externaltools.gnu-tools-for-stm32.12.3.rel1.win32_1.0.200.202406191623/tools/bin/../lib/gcc/arm-none-eabi/12.3.1/thumb/v7e-m+fp/hard/crtn.o
OUTPUT(RC_MISSION.elf elf32-littlearm)
LOAD linker stubs
LOAD C:/CubeIDE/STM32CubeIDE_1.16.1/STM32CubeIDE/plugins/com.st.stm32cube.ide.mcu.externaltools.gnu-tools-for-stm32.12.3.rel1.win32_1.0.200.202406191623/tools/bin/../lib/gcc/arm-none-eabi/12.3.1/../../../../arm-none-eabi/lib/thumb/v7e-m+fp/hard\libc.a
LOAD C:/CubeIDE/STM32CubeIDE_1.16.1/STM32CubeIDE/plugins/com.st.stm32cube.ide.mcu.externaltools.gnu-tools-for-stm32.12.3.rel1.win32_1.0.200.202406191623/tools/bin/../lib/gcc/arm-none-eabi/12.3.1/../../../../arm-none-eabi/lib/thumb/v7e-m+fp/hard\libm.a
LOAD C:/CubeIDE/STM32CubeIDE_1.16.1/STM32CubeIDE/plugins/com.st.stm32cube.ide.mcu.externaltools.gnu-tools-for-stm32.12.3.rel1.win32_1.0.200.202406191623/tools/bin/../lib/gcc/arm-none-eabi/12.3.1/thumb/v7e-m+fp/hard\libgcc.a

.debug_info     0x00000000    0x10e82
 .debug_info    0x00000000      0x731 ./App/Src/System.o
 .debug_info    0x00000731      0x9d5 ./Core/Src/adc.o
 .debug_info    0x00001106      0x4ad ./Core/Src/dma.o
 .debug_info    0x000015b3      0x269 ./Core/Src/gpio.o
 .debug_info    0x0000181c      0xafe ./Core/Src/main.o
 .debug_info    0x0000231a      0x269 ./Core/Src/stm32f4xx_hal_msp.o
 .debug_info    0x00002583      0x70c ./Core/Src/stm32f4xx_it.o
 .debug_info    0x00002c8f      0x6a3 ./Core/Src/syscalls.o
 .debug_info    0x00003332      0x168 ./Core/Src/sysmem.o
 .debug_info    0x0000349a      0x512 ./Core/Src/system_stm32f4xx.o
 .debug_info    0x000039ac      0xeb3 ./Core/Src/tim.o
 .debug_info    0x0000485f      0x91d ./Core/Src/usart.o
 .debug_info    0x0000517c       0x30 ./Core/Startup/startup_stm32f407zetx.o
 .debug_info    0x000051ac      0x944 ./Drivers/STM32F4xx_HAL_Driver/Src/stm32f4xx_hal.o
 .debug_info    0x00005af0      0xcd4 ./Drivers/STM32F4xx_HAL_Driver/Src/stm32f4xx_hal_adc.o
 .debug_info    0x000067c4      0xd8c ./Drivers/STM32F4xx_HAL_Driver/Src/stm32f4xx_hal_cortex.o
 .debug_info    0x00007550      0x8e7 ./Drivers/STM32F4xx_HAL_Driver/Src/stm32f4xx_hal_dma.o
 .debug_info    0x00007e37      0x6c3 ./Drivers/STM32F4xx_HAL_Driver/Src/stm32f4xx_hal_gpio.o
 .debug_info    0x000084fa      0x8af ./Drivers/STM32F4xx_HAL_Driver/Src/stm32f4xx_hal_rcc.o
 .debug_info    0x00008da9     0x299d ./Drivers/STM32F4xx_HAL_Driver/Src/stm32f4xx_hal_tim.o
 .debug_info    0x0000b746     0x14db ./Drivers/STM32F4xx_HAL_Driver/Src/stm32f4xx_hal_tim_ex.o
 .debug_info    0x0000cc21     0x2f4f ./Drivers/STM32F4xx_HAL_Driver/Src/stm32f4xx_hal_uart.o
 .debug_info    0x0000fb70     0x1312 ./Lib/Src/ADC_VOLTAGE.o

.debug_abbrev   0x00000000     0x2b17
 .debug_abbrev  0x00000000      0x1ed ./App/Src/System.o
 .debug_abbrev  0x000001ed      0x205 ./Core/Src/adc.o
 .debug_abbrev  0x000003f2      0x10e ./Core/Src/dma.o
 .debug_abbrev  0x00000500       0xd8 ./Core/Src/gpio.o
 .debug_abbrev  0x000005d8      0x24a ./Core/Src/main.o
 .debug_abbrev  0x00000822       0xd8 ./Core/Src/stm32f4xx_hal_msp.o
 .debug_abbrev  0x000008fa      0x194 ./Core/Src/stm32f4xx_it.o
 .debug_abbrev  0x00000a8e      0x1b6 ./Core/Src/syscalls.o
 .debug_abbrev  0x00000c44       0xbc ./Core/Src/sysmem.o
 .debug_abbrev  0x00000d00      0x11a ./Core/Src/system_stm32f4xx.o
 .debug_abbrev  0x00000e1a      0x22c ./Core/Src/tim.o
 .debug_abbrev  0x00001046      0x1f9 ./Core/Src/usart.o
 .debug_abbrev  0x0000123f       0x24 ./Core/Startup/startup_stm32f407zetx.o
 .debug_abbrev  0x00001263      0x214 ./Drivers/STM32F4xx_HAL_Driver/Src/stm32f4xx_hal.o
 .debug_abbrev  0x00001477      0x252 ./Drivers/STM32F4xx_HAL_Driver/Src/stm32f4xx_hal_adc.o
 .debug_abbrev  0x000016c9      0x31d ./Drivers/STM32F4xx_HAL_Driver/Src/stm32f4xx_hal_cortex.o
 .debug_abbrev  0x000019e6      0x264 ./Drivers/STM32F4xx_HAL_Driver/Src/stm32f4xx_hal_dma.o
 .debug_abbrev  0x00001c4a      0x1d4 ./Drivers/STM32F4xx_HAL_Driver/Src/stm32f4xx_hal_gpio.o
 .debug_abbrev  0x00001e1e      0x2b7 ./Drivers/STM32F4xx_HAL_Driver/Src/stm32f4xx_hal_rcc.o
 .debug_abbrev  0x000020d5      0x278 ./Drivers/STM32F4xx_HAL_Driver/Src/stm32f4xx_hal_tim.o
 .debug_abbrev  0x0000234d      0x283 ./Drivers/STM32F4xx_HAL_Driver/Src/stm32f4xx_hal_tim_ex.o
 .debug_abbrev  0x000025d0      0x30e ./Drivers/STM32F4xx_HAL_Driver/Src/stm32f4xx_hal_uart.o
 .debug_abbrev  0x000028de      0x239 ./Lib/Src/ADC_VOLTAGE.o

.debug_aranges  0x00000000      0xed0
 .debug_aranges
                0x00000000       0x28 ./App/Src/System.o
 .debug_aranges
                0x00000028       0x30 ./Core/Src/adc.o
 .debug_aranges
                0x00000058       0x20 ./Core/Src/dma.o
 .debug_aranges
                0x00000078       0x20 ./Core/Src/gpio.o
 .debug_aranges
                0x00000098       0x30 ./Core/Src/main.o
 .debug_aranges
                0x000000c8       0x20 ./Core/Src/stm32f4xx_hal_msp.o
 .debug_aranges
                0x000000e8       0x70 ./Core/Src/stm32f4xx_it.o
 .debug_aranges
                0x00000158       0xa8 ./Core/Src/syscalls.o
 .debug_aranges
                0x00000200       0x20 ./Core/Src/sysmem.o
 .debug_aranges
                0x00000220       0x28 ./Core/Src/system_stm32f4xx.o
 .debug_aranges
                0x00000248       0x40 ./Core/Src/tim.o
 .debug_aranges
                0x00000288       0x30 ./Core/Src/usart.o
 .debug_aranges
                0x000002b8       0x28 ./Core/Startup/startup_stm32f407zetx.o
 .debug_aranges
                0x000002e0       0xf0 ./Drivers/STM32F4xx_HAL_Driver/Src/stm32f4xx_hal.o
 .debug_aranges
                0x000003d0       0xe8 ./Drivers/STM32F4xx_HAL_Driver/Src/stm32f4xx_hal_adc.o
 .debug_aranges
                0x000004b8      0x130 ./Drivers/STM32F4xx_HAL_Driver/Src/stm32f4xx_hal_cortex.o
 .debug_aranges
                0x000005e8       0x90 ./Drivers/STM32F4xx_HAL_Driver/Src/stm32f4xx_hal_dma.o
 .debug_aranges
                0x00000678       0x58 ./Drivers/STM32F4xx_HAL_Driver/Src/stm32f4xx_hal_gpio.o
 .debug_aranges
                0x000006d0       0x88 ./Drivers/STM32F4xx_HAL_Driver/Src/stm32f4xx_hal_rcc.o
 .debug_aranges
                0x00000758      0x3d0 ./Drivers/STM32F4xx_HAL_Driver/Src/stm32f4xx_hal_tim.o
 .debug_aranges
                0x00000b28      0x168 ./Drivers/STM32F4xx_HAL_Driver/Src/stm32f4xx_hal_tim_ex.o
 .debug_aranges
                0x00000c90      0x208 ./Drivers/STM32F4xx_HAL_Driver/Src/stm32f4xx_hal_uart.o
 .debug_aranges
                0x00000e98       0x38 ./Lib/Src/ADC_VOLTAGE.o

.debug_rnglists
                0x00000000      0xb67
 .debug_rnglists
                0x00000000       0x19 ./App/Src/System.o
 .debug_rnglists
                0x00000019       0x21 ./Core/Src/adc.o
 .debug_rnglists
                0x0000003a       0x13 ./Core/Src/dma.o
 .debug_rnglists
                0x0000004d       0x13 ./Core/Src/gpio.o
 .debug_rnglists
                0x00000060       0x20 ./Core/Src/main.o
 .debug_rnglists
                0x00000080       0x13 ./Core/Src/stm32f4xx_hal_msp.o
 .debug_rnglists
                0x00000093       0x4f ./Core/Src/stm32f4xx_it.o
 .debug_rnglists
                0x000000e2       0x79 ./Core/Src/syscalls.o
 .debug_rnglists
                0x0000015b       0x13 ./Core/Src/sysmem.o
 .debug_rnglists
                0x0000016e       0x1a ./Core/Src/system_stm32f4xx.o
 .debug_rnglists
                0x00000188       0x2d ./Core/Src/tim.o
 .debug_rnglists
                0x000001b5       0x20 ./Core/Src/usart.o
 .debug_rnglists
                0x000001d5       0x19 ./Core/Startup/startup_stm32f407zetx.o
 .debug_rnglists
                0x000001ee       0xaf ./Drivers/STM32F4xx_HAL_Driver/Src/stm32f4xx_hal.o
 .debug_rnglists
                0x0000029d       0xb5 ./Drivers/STM32F4xx_HAL_Driver/Src/stm32f4xx_hal_adc.o
 .debug_rnglists
                0x00000352       0xe0 ./Drivers/STM32F4xx_HAL_Driver/Src/stm32f4xx_hal_cortex.o
 .debug_rnglists
                0x00000432       0x70 ./Drivers/STM32F4xx_HAL_Driver/Src/stm32f4xx_hal_dma.o
 .debug_rnglists
                0x000004a2       0x3f ./Drivers/STM32F4xx_HAL_Driver/Src/stm32f4xx_hal_gpio.o
 .debug_rnglists
                0x000004e1       0x66 ./Drivers/STM32F4xx_HAL_Driver/Src/stm32f4xx_hal_rcc.o
 .debug_rnglists
                0x00000547      0x31a ./Drivers/STM32F4xx_HAL_Driver/Src/stm32f4xx_hal_tim.o
 .debug_rnglists
                0x00000861      0x125 ./Drivers/STM32F4xx_HAL_Driver/Src/stm32f4xx_hal_tim_ex.o
 .debug_rnglists
                0x00000986      0x1bc ./Drivers/STM32F4xx_HAL_Driver/Src/stm32f4xx_hal_uart.o
 .debug_rnglists
                0x00000b42       0x25 ./Lib/Src/ADC_VOLTAGE.o

.debug_macro    0x00000000    0x242dc
 .debug_macro   0x00000000      0x35a ./App/Src/System.o
 .debug_macro   0x0000035a      0xab4 ./App/Src/System.o
 .debug_macro   0x00000e0e      0x2a1 ./App/Src/System.o
 .debug_macro   0x000010af       0x2e ./App/Src/System.o
 .debug_macro   0x000010dd       0x2f ./App/Src/System.o
 .debug_macro   0x0000110c       0x22 ./App/Src/System.o
 .debug_macro   0x0000112e       0x8e ./App/Src/System.o
 .debug_macro   0x000011bc       0x51 ./App/Src/System.o
 .debug_macro   0x0000120d      0x103 ./App/Src/System.o
 .debug_macro   0x00001310       0x6a ./App/Src/System.o
 .debug_macro   0x0000137a      0x1df ./App/Src/System.o
 .debug_macro   0x00001559       0x1c ./App/Src/System.o
 .debug_macro   0x00001575       0x22 ./App/Src/System.o
 .debug_macro   0x00001597       0xfb ./App/Src/System.o
 .debug_macro   0x00001692     0x1011 ./App/Src/System.o
 .debug_macro   0x000026a3      0x11f ./App/Src/System.o
 .debug_macro   0x000027c2    0x15e97 ./App/Src/System.o
 .debug_macro   0x00018659       0x6d ./App/Src/System.o
 .debug_macro   0x000186c6     0x369a ./App/Src/System.o
 .debug_macro   0x0001bd60      0x189 ./App/Src/System.o
 .debug_macro   0x0001bee9       0x5c ./App/Src/System.o
 .debug_macro   0x0001bf45      0x980 ./App/Src/System.o
 .debug_macro   0x0001c8c5      0x9e9 ./App/Src/System.o
 .debug_macro   0x0001d2ae      0x115 ./App/Src/System.o
 .debug_macro   0x0001d3c3      0x13e ./App/Src/System.o
 .debug_macro   0x0001d501       0xa5 ./App/Src/System.o
 .debug_macro   0x0001d5a6      0x174 ./App/Src/System.o
 .debug_macro   0x0001d71a      0x287 ./App/Src/System.o
 .debug_macro   0x0001d9a1       0x5f ./App/Src/System.o
 .debug_macro   0x0001da00      0x236 ./App/Src/System.o
 .debug_macro   0x0001dc36      0xb5b ./App/Src/System.o
 .debug_macro   0x0001e791      0x38b ./App/Src/System.o
 .debug_macro   0x0001eb1c      0x176 ./App/Src/System.o
 .debug_macro   0x0001ec92       0xf9 ./App/Src/System.o
 .debug_macro   0x0001ed8b      0x12c ./App/Src/System.o
 .debug_macro   0x0001eeb7      0x21e ./App/Src/System.o
 .debug_macro   0x0001f0d5       0x2e ./App/Src/System.o
 .debug_macro   0x0001f103      0x127 ./App/Src/System.o
 .debug_macro   0x0001f22a       0x7e ./App/Src/System.o
 .debug_macro   0x0001f2a8       0x89 ./App/Src/System.o
 .debug_macro   0x0001f331      0x8ed ./App/Src/System.o
 .debug_macro   0x0001fc1e       0x4d ./App/Src/System.o
 .debug_macro   0x0001fc6b      0x2aa ./App/Src/System.o
 .debug_macro   0x0001ff15      0x12d ./App/Src/System.o
 .debug_macro   0x00020042       0x61 ./App/Src/System.o
 .debug_macro   0x000200a3       0x2a ./App/Src/System.o
 .debug_macro   0x000200cd       0x43 ./App/Src/System.o
 .debug_macro   0x00020110       0x34 ./App/Src/System.o
 .debug_macro   0x00020144       0x16 ./App/Src/System.o
 .debug_macro   0x0002015a       0x35 ./App/Src/System.o
 .debug_macro   0x0002018f      0x369 ./App/Src/System.o
 .debug_macro   0x000204f8       0x10 ./App/Src/System.o
 .debug_macro   0x00020508       0x16 ./App/Src/System.o
 .debug_macro   0x0002051e       0x43 ./App/Src/System.o
 .debug_macro   0x00020561       0x34 ./App/Src/System.o
 .debug_macro   0x00020595       0x10 ./App/Src/System.o
 .debug_macro   0x000205a5       0x58 ./App/Src/System.o
 .debug_macro   0x000205fd       0x8e ./App/Src/System.o
 .debug_macro   0x0002068b       0x1c ./App/Src/System.o
 .debug_macro   0x000206a7      0x177 ./App/Src/System.o
 .debug_macro   0x0002081e       0x16 ./App/Src/System.o
 .debug_macro   0x00020834       0x16 ./App/Src/System.o
 .debug_macro   0x0002084a      0x146 ./App/Src/System.o
 .debug_macro   0x00020990       0x16 ./App/Src/System.o
 .debug_macro   0x000209a6       0x20 ./App/Src/System.o
 .debug_macro   0x000209c6      0x20a ./Core/Src/adc.o
 .debug_macro   0x00020bd0      0x20a ./Core/Src/dma.o
 .debug_macro   0x00020dda      0x20a ./Core/Src/gpio.o
 .debug_macro   0x00020fe4      0x360 ./Core/Src/main.o
 .debug_macro   0x00021344      0x200 ./Core/Src/stm32f4xx_hal_msp.o
 .debug_macro   0x00021544      0x20a ./Core/Src/stm32f4xx_it.o
 .debug_macro   0x0002174e      0x274 ./Core/Src/syscalls.o
 .debug_macro   0x000219c2       0x5b ./Core/Src/syscalls.o
 .debug_macro   0x00021a1d       0x94 ./Core/Src/syscalls.o
 .debug_macro   0x00021ab1       0x57 ./Core/Src/syscalls.o
 .debug_macro   0x00021b08       0x10 ./Core/Src/syscalls.o
 .debug_macro   0x00021b18       0x10 ./Core/Src/syscalls.o
 .debug_macro   0x00021b28       0x10 ./Core/Src/syscalls.o
 .debug_macro   0x00021b38       0x10 ./Core/Src/syscalls.o
 .debug_macro   0x00021b48       0x1c ./Core/Src/syscalls.o
 .debug_macro   0x00021b64       0x52 ./Core/Src/syscalls.o
 .debug_macro   0x00021bb6       0x22 ./Core/Src/syscalls.o
 .debug_macro   0x00021bd8       0x10 ./Core/Src/syscalls.o
 .debug_macro   0x00021be8       0x52 ./Core/Src/syscalls.o
 .debug_macro   0x00021c3a       0xcf ./Core/Src/syscalls.o
 .debug_macro   0x00021d09       0x1c ./Core/Src/syscalls.o
 .debug_macro   0x00021d25       0x3d ./Core/Src/syscalls.o
 .debug_macro   0x00021d62       0x35 ./Core/Src/syscalls.o
 .debug_macro   0x00021d97      0x12c ./Core/Src/syscalls.o
 .debug_macro   0x00021ec3       0x16 ./Core/Src/syscalls.o
 .debug_macro   0x00021ed9       0x16 ./Core/Src/syscalls.o
 .debug_macro   0x00021eef       0x29 ./Core/Src/syscalls.o
 .debug_macro   0x00021f18       0x10 ./Core/Src/syscalls.o
 .debug_macro   0x00021f28      0x242 ./Core/Src/syscalls.o
 .debug_macro   0x0002216a       0x1c ./Core/Src/syscalls.o
 .debug_macro   0x00022186       0x10 ./Core/Src/syscalls.o
 .debug_macro   0x00022196      0x18a ./Core/Src/syscalls.o
 .debug_macro   0x00022320       0x16 ./Core/Src/syscalls.o
 .debug_macro   0x00022336       0xce ./Core/Src/syscalls.o
 .debug_macro   0x00022404       0xff ./Core/Src/sysmem.o
 .debug_macro   0x00022503      0x23c ./Core/Src/sysmem.o
 .debug_macro   0x0002273f      0x1f6 ./Core/Src/system_stm32f4xx.o
 .debug_macro   0x00022935      0x20a ./Core/Src/tim.o
 .debug_macro   0x00022b3f      0x20a ./Core/Src/usart.o
 .debug_macro   0x00022d49      0x256 ./Drivers/STM32F4xx_HAL_Driver/Src/stm32f4xx_hal.o
 .debug_macro   0x00022f9f      0x1f7 ./Drivers/STM32F4xx_HAL_Driver/Src/stm32f4xx_hal_adc.o
 .debug_macro   0x00023196      0x1f6 ./Drivers/STM32F4xx_HAL_Driver/Src/stm32f4xx_hal_cortex.o
 .debug_macro   0x0002338c      0x1fc ./Drivers/STM32F4xx_HAL_Driver/Src/stm32f4xx_hal_dma.o
 .debug_macro   0x00023588      0x1fc ./Drivers/STM32F4xx_HAL_Driver/Src/stm32f4xx_hal_gpio.o
 .debug_macro   0x00023784      0x21a ./Drivers/STM32F4xx_HAL_Driver/Src/stm32f4xx_hal_rcc.o
 .debug_macro   0x0002399e      0x1f7 ./Drivers/STM32F4xx_HAL_Driver/Src/stm32f4xx_hal_tim.o
 .debug_macro   0x00023b95      0x1f6 ./Drivers/STM32F4xx_HAL_Driver/Src/stm32f4xx_hal_tim_ex.o
 .debug_macro   0x00023d8b      0x1f7 ./Drivers/STM32F4xx_HAL_Driver/Src/stm32f4xx_hal_uart.o
 .debug_macro   0x00023f82      0x35a ./Lib/Src/ADC_VOLTAGE.o

.debug_line     0x00000000    0x13fda
 .debug_line    0x00000000      0xa9a ./App/Src/System.o
 .debug_line    0x00000a9a      0x820 ./Core/Src/adc.o
 .debug_line    0x000012ba      0x775 ./Core/Src/dma.o
 .debug_line    0x00001a2f      0x776 ./Core/Src/gpio.o
 .debug_line    0x000021a5      0xad0 ./Core/Src/main.o
 .debug_line    0x00002c75      0x77a ./Core/Src/stm32f4xx_hal_msp.o
 .debug_line    0x000033ef      0x86c ./Core/Src/stm32f4xx_it.o
 .debug_line    0x00003c5b      0x983 ./Core/Src/syscalls.o
 .debug_line    0x000045de      0x654 ./Core/Src/sysmem.o
 .debug_line    0x00004c32      0x7fe ./Core/Src/system_stm32f4xx.o
 .debug_line    0x00005430      0x8a9 ./Core/Src/tim.o
 .debug_line    0x00005cd9      0x7e3 ./Core/Src/usart.o
 .debug_line    0x000064bc       0x7a ./Core/Startup/startup_stm32f407zetx.o
 .debug_line    0x00006536      0xa67 ./Drivers/STM32F4xx_HAL_Driver/Src/stm32f4xx_hal.o
 .debug_line    0x00006f9d     0x12ef ./Drivers/STM32F4xx_HAL_Driver/Src/stm32f4xx_hal_adc.o
 .debug_line    0x0000828c      0xd59 ./Drivers/STM32F4xx_HAL_Driver/Src/stm32f4xx_hal_cortex.o
 .debug_line    0x00008fe5      0xfd7 ./Drivers/STM32F4xx_HAL_Driver/Src/stm32f4xx_hal_dma.o
 .debug_line    0x00009fbc      0xbf3 ./Drivers/STM32F4xx_HAL_Driver/Src/stm32f4xx_hal_gpio.o
 .debug_line    0x0000abaf      0xdf0 ./Drivers/STM32F4xx_HAL_Driver/Src/stm32f4xx_hal_rcc.o
 .debug_line    0x0000b99f     0x380b ./Drivers/STM32F4xx_HAL_Driver/Src/stm32f4xx_hal_tim.o
 .debug_line    0x0000f1aa     0x1a5d ./Drivers/STM32F4xx_HAL_Driver/Src/stm32f4xx_hal_tim_ex.o
 .debug_line    0x00010c07     0x2939 ./Drivers/STM32F4xx_HAL_Driver/Src/stm32f4xx_hal_uart.o
 .debug_line    0x00013540      0xa9a ./Lib/Src/ADC_VOLTAGE.o

.debug_str      0x00000000    0xd9c61
 .debug_str     0x00000000    0xd3cb1 ./App/Src/System.o
                              0xd3fe1 (size before relaxing)
 .debug_str     0x000d3cb1      0x3ac ./Core/Src/adc.o
                              0xd08ba (size before relaxing)
 .debug_str     0x000d405d      0x521 ./Core/Src/dma.o
                              0xd0874 (size before relaxing)
 .debug_str     0x000d457e       0x20 ./Core/Src/gpio.o
                              0xd0357 (size before relaxing)
 .debug_str     0x000d459e      0x1dc ./Core/Src/main.o
                              0xd42a4 (size before relaxing)
 .debug_str     0x000d477a       0x2c ./Core/Src/stm32f4xx_hal_msp.o
                              0xd0357 (size before relaxing)
 .debug_str     0x000d47a6      0x117 ./Core/Src/stm32f4xx_it.o
                              0xd0870 (size before relaxing)
 .debug_str     0x000d48bd     0x20a8 ./Core/Src/syscalls.o
                               0x9895 (size before relaxing)
 .debug_str     0x000d6965       0x6b ./Core/Src/sysmem.o
                               0x60ad (size before relaxing)
 .debug_str     0x000d69d0       0xdb ./Core/Src/system_stm32f4xx.o
                              0xd0407 (size before relaxing)
 .debug_str     0x000d6aab      0x1ef ./Core/Src/tim.o
                              0xd1089 (size before relaxing)
 .debug_str     0x000d6c9a      0x236 ./Core/Src/usart.o
                              0xd08df (size before relaxing)
 .debug_str     0x000d6ed0       0x44 ./Core/Startup/startup_stm32f407zetx.o
                                 0x60 (size before relaxing)
 .debug_str     0x000d6f14      0x608 ./Drivers/STM32F4xx_HAL_Driver/Src/stm32f4xx_hal.o
                              0xd0f8b (size before relaxing)
 .debug_str     0x000d751c      0x2c6 ./Drivers/STM32F4xx_HAL_Driver/Src/stm32f4xx_hal_adc.o
                              0xd09f4 (size before relaxing)
 .debug_str     0x000d77e2      0x36b ./Drivers/STM32F4xx_HAL_Driver/Src/stm32f4xx_hal_cortex.o
                              0xd0d07 (size before relaxing)
 .debug_str     0x000d7b4d      0x2cf ./Drivers/STM32F4xx_HAL_Driver/Src/stm32f4xx_hal_dma.o
                              0xd0821 (size before relaxing)
 .debug_str     0x000d7e1c      0x15d ./Drivers/STM32F4xx_HAL_Driver/Src/stm32f4xx_hal_gpio.o
                              0xd0582 (size before relaxing)
 .debug_str     0x000d7f79      0x233 ./Drivers/STM32F4xx_HAL_Driver/Src/stm32f4xx_hal_rcc.o
                              0xd083b (size before relaxing)
 .debug_str     0x000d81ac      0xd30 ./Drivers/STM32F4xx_HAL_Driver/Src/stm32f4xx_hal_tim.o
                              0xd1791 (size before relaxing)
 .debug_str     0x000d8edc      0x493 ./Drivers/STM32F4xx_HAL_Driver/Src/stm32f4xx_hal_tim_ex.o
                              0xd0f9d (size before relaxing)
 .debug_str     0x000d936f      0x616 ./Drivers/STM32F4xx_HAL_Driver/Src/stm32f4xx_hal_uart.o
                              0xd0e1c (size before relaxing)
 .debug_str     0x000d9985      0x2dc ./Lib/Src/ADC_VOLTAGE.o
                              0xd46d5 (size before relaxing)

.comment        0x00000000       0x43
 .comment       0x00000000       0x43 ./App/Src/System.o
                                 0x44 (size before relaxing)
 .comment       0x00000043       0x44 ./Core/Src/adc.o
 .comment       0x00000043       0x44 ./Core/Src/dma.o
 .comment       0x00000043       0x44 ./Core/Src/gpio.o
 .comment       0x00000043       0x44 ./Core/Src/main.o
 .comment       0x00000043       0x44 ./Core/Src/stm32f4xx_hal_msp.o
 .comment       0x00000043       0x44 ./Core/Src/stm32f4xx_it.o
 .comment       0x00000043       0x44 ./Core/Src/syscalls.o
 .comment       0x00000043       0x44 ./Core/Src/sysmem.o
 .comment       0x00000043       0x44 ./Core/Src/system_stm32f4xx.o
 .comment       0x00000043       0x44 ./Core/Src/tim.o
 .comment       0x00000043       0x44 ./Core/Src/usart.o
 .comment       0x00000043       0x44 ./Drivers/STM32F4xx_HAL_Driver/Src/stm32f4xx_hal.o
 .comment       0x00000043       0x44 ./Drivers/STM32F4xx_HAL_Driver/Src/stm32f4xx_hal_adc.o
 .comment       0x00000043       0x44 ./Drivers/STM32F4xx_HAL_Driver/Src/stm32f4xx_hal_cortex.o
 .comment       0x00000043       0x44 ./Drivers/STM32F4xx_HAL_Driver/Src/stm32f4xx_hal_dma.o
 .comment       0x00000043       0x44 ./Drivers/STM32F4xx_HAL_Driver/Src/stm32f4xx_hal_gpio.o
 .comment       0x00000043       0x44 ./Drivers/STM32F4xx_HAL_Driver/Src/stm32f4xx_hal_rcc.o
 .comment       0x00000043       0x44 ./Drivers/STM32F4xx_HAL_Driver/Src/stm32f4xx_hal_tim.o
 .comment       0x00000043       0x44 ./Drivers/STM32F4xx_HAL_Driver/Src/stm32f4xx_hal_tim_ex.o
 .comment       0x00000043       0x44 ./Drivers/STM32F4xx_HAL_Driver/Src/stm32f4xx_hal_uart.o
 .comment       0x00000043       0x44 ./Lib/Src/ADC_VOLTAGE.o

.debug_frame    0x00000000     0x43a0
 .debug_frame   0x00000000       0x4c ./App/Src/System.o
 .debug_frame   0x0000004c       0x7c ./Core/Src/adc.o
 .debug_frame   0x000000c8       0x34 ./Core/Src/dma.o
 .debug_frame   0x000000fc       0x38 ./Core/Src/gpio.o
 .debug_frame   0x00000134       0x68 ./Core/Src/main.o
 .debug_frame   0x0000019c       0x38 ./Core/Src/stm32f4xx_hal_msp.o
 .debug_frame   0x000001d4      0x13c ./Core/Src/stm32f4xx_it.o
 .debug_frame   0x00000310      0x2ac ./Core/Src/syscalls.o
 .debug_frame   0x000005bc       0x34 ./Core/Src/sysmem.o
 .debug_frame   0x000005f0       0x58 ./Core/Src/system_stm32f4xx.o
 .debug_frame   0x00000648       0xc4 ./Core/Src/tim.o
 .debug_frame   0x0000070c       0x74 ./Core/Src/usart.o
 .debug_frame   0x00000780      0x374 ./Drivers/STM32F4xx_HAL_Driver/Src/stm32f4xx_hal.o
 .debug_frame   0x00000af4      0x3fc ./Drivers/STM32F4xx_HAL_Driver/Src/stm32f4xx_hal_adc.o